
> test
> playwright test



node.exe : [1A[2K[WebServer] [Mystique][getProducts][DEBUG] entry {
At line:1 char:1
+ & "C:\Program Files\nodejs/node.exe" "C:\Users\hrush\AppData\Roaming\ ...
+ ~~~~~~~~~~~~~~~~~~~~~~~~~~~~~~~~~~~~~~~~~~~~~~~~~~~~~~~~~~~~~~~~~~~~~
    + CategoryInfo          : NotSpecified: ([1A[2K[WebSer...[DEBUG] entry {:String) [], RemoteException
    + FullyQualifiedErrorId : NativeCommandError
 
[WebServer]   hasSupabaseEnv: false,
[WebServer]   supabaseIsNull: true,
[WebServer]   shouldLoadCatalogFromEmbeds: true,
[WebServer]   allowMockCatalog: true,
[WebServer]   options: {
[WebServer]     sortBy: 'featured',
[WebServer]     limit: 12,
[WebServer]     page: undefined,
[WebServer]     categoryId: undefined,
[WebServer]     hasSearch: false,
[WebServer]     ingredientId: null,
[WebServer]     excludeComingSoon: false,
[WebServer]     excludeOutOfStock: true
[WebServer]   }
[WebServer] }
[1A[2K[WebServer] [Mystique][getProducts][DEBUG] embed/mock catalog path { supabaseQueryRan: false, 
rowCountAfterMockFilter: 6 }

Running 59 tests using 2 workers

[1A[2K(node:35848) Warning: The 'NO_COLOR' env is ignored due to the 'FORCE_COLOR' env being set.
(Use `node --trace-warnings ...` to show where the warning was created)


[1A[2K(node:25456) Warning: The 'NO_COLOR' env is ignored due to the 'FORCE_COLOR' env being set.
(Use `node --trace-warnings ...` to show where the warning was created)



[1A[2K(node:25456) Warning: The 'NO_COLOR' env is ignored due to the 'FORCE_COLOR' env being set.
(Use `node --trace-warnings ...` to show where the warning was created)

[1A[2K(node:35848) Warning: The 'NO_COLOR' env is ignored due to the 'FORCE_COLOR' env being set.
(Use `node --trace-warnings ...` to show where the warning was created)


[1A[2K[1/59] [chromium] ΓÇ║ tests\account-legal-and-status.spec.ts:19:7 ΓÇ║ account, legal, and status routes ΓÇ║ login page renders auth entry points and status copy
[1A[2K[2/59] [chromium] ΓÇ║ tests\account-legal-and-status.spec.ts:9:7 ΓÇ║ account, legal, and status routes ΓÇ║ routines page renders starter sequences
[1A[2K[3/59] [chromium] ΓÇ║ tests\account-legal-and-status.spec.ts:28:7 ΓÇ║ account, legal, and status routes ΓÇ║ login page surfaces auth send failures clearly
[1A[2K[4/59] [chromium] ΓÇ║ tests\account-legal-and-status.spec.ts:41:7 ΓÇ║ account, legal, and status routes ΓÇ║ signup page renders account creation flow and status copy
[1A[2K[WebServer] [Mystique][getProducts][DEBUG] entry {
[WebServer]   hasSupabaseEnv: false,
[WebServer]   supabaseIsNull: true,
[WebServer]   shouldLoadCatalogFromEmbeds: true,
[WebServer]   allowMockCatalog: true,
[WebServer]   options: {
[WebServer]     sortBy: 'featured',
[WebServer]     limit: 12,
[WebServer]     page: undefined,
[WebServer]     categoryId: undefined,
[WebServer]     hasSearch: false,
[WebServer]     ingredientId: null,
[WebServer]     excludeComingSoon: false,
[WebServer]     excludeOutOfStock: true
[WebServer]   }
[WebServer] }

[1A[2K[WebServer] [Mystique][getProducts][DEBUG] embed/mock catalog path { supabaseQueryRan: false, 
rowCountAfterMockFilter: 6 }


[1A[2K[WebServer] [Mystique][getProducts][DEBUG] entry {
[WebServer]   hasSupabaseEnv: false,
[WebServer]   supabaseIsNull: true,
[WebServer]   shouldLoadCatalogFromEmbeds: true,
[WebServer]   allowMockCatalog: true,
[WebServer]   options: {
[WebServer]     sortBy: 'newest',
[WebServer]     limit: undefined,
[WebServer]     page: undefined,
[WebServer]     categoryId: undefined,
[WebServer]     hasSearch: false,
[WebServer]     ingredientId: null,
[WebServer]     excludeComingSoon: true,
[WebServer]     excludeOutOfStock: true
[WebServer]   }
[WebServer] }
[WebServer] [Mystique][getProducts][DEBUG] embed/mock catalog path { supabaseQueryRan: false, rowCountAfterMockFilter: 
6 }
[1A[2K[WebServer] [Mystique][getProducts][DEBUG] entry {
[WebServer]   hasSupabaseEnv: false,
[WebServer]   supabaseIsNull: true,
[WebServer]   shouldLoadCatalogFromEmbeds: true,
[WebServer]   allowMockCatalog: true,
[WebServer]   options: {
[WebServer]     sortBy: 'newest',
[WebServer]     limit: undefined,
[WebServer]     page: undefined,
[WebServer]     categoryId: undefined,
[WebServer]     hasSearch: false,
[WebServer]     ingredientId: null,
[WebServer]     excludeComingSoon: true,
[WebServer]     excludeOutOfStock: true
[WebServer]   }
[WebServer] }
[WebServer] [Mystique][getProducts][DEBUG] embed/mock catalog path { supabaseQueryRan: false, rowCountAfterMockFilter: 
6 }

[1A[2K[5/59] [chromium] ΓÇ║ tests\account-legal-and-status.spec.ts:50:7 ΓÇ║ account, legal, and status routes ΓÇ║ signup page surfaces auth send failures clearly
[1A[2K[6/59] [chromium] ΓÇ║ tests\account-legal-and-status.spec.ts:63:7 ΓÇ║ account, legal, and status routes ΓÇ║ account root shows guest hub with sign-in and signup entry points
[1A[2K[WebServer] [Mystique][getProducts][DEBUG] entry {
[WebServer]   hasSupabaseEnv: false,
[WebServer]   supabaseIsNull: true,
[WebServer]   shouldLoadCatalogFromEmbeds: true,
[WebServer]   allowMockCatalog: true,
[WebServer]   options: {
[WebServer]     sortBy: 'featured',

[WebServer]     limit: 12,
[WebServer]     page: undefined,
[WebServer]     categoryId: undefined,
[WebServer]     hasSearch: false,
[WebServer]     ingredientId: null,
[WebServer]     excludeComingSoon: false,
[WebServer]     excludeOutOfStock: true
[WebServer]   }
[WebServer] }
[1A[2K[WebServer] [Mystique][getProducts][DEBUG] embed/mock catalog path { supabaseQueryRan: false, 
rowCountAfterMockFilter: 6 }

[1A[2K[7/59] [chromium] ΓÇ║ tests\account-legal-and-status.spec.ts:78:7 ΓÇ║ account, legal, and status routes ΓÇ║ orders route redirects guests to login
[1A[2K[8/59] [chromium] ΓÇ║ tests\account-legal-and-status.spec.ts:85:7 ΓÇ║ account, legal, and status routes ΓÇ║ journal detail page renders full editorial content
[1A[2K[9/59] [chromium] ΓÇ║ tests\account-legal-and-status.spec.ts:93:7 ΓÇ║ account, legal, and status routes ΓÇ║ unknown journal entries fall back to the site 404 page
[1A[2K[10/59] [chromium] ΓÇ║ tests\account-legal-and-status.spec.ts:101:7 ΓÇ║ account, legal, and status routes ΓÇ║ press and careers pages render live support content
[1A[2K[11/59] [chromium] ΓÇ║ tests\account-legal-and-status.spec.ts:115:7 ΓÇ║ account, legal, and status routes ΓÇ║ legal routes render privacy, terms, and cookies content
[1A[2K[WebServer] [Mystique][getProducts][DEBUG] entry {
[WebServer]   hasSupabaseEnv: false,
[WebServer]   supabaseIsNull: true,
[WebServer]   shouldLoadCatalogFromEmbeds: true,
[WebServer]   allowMockCatalog: true,
[WebServer]   options: {
[WebServer]     sortBy: 'featured',
[WebServer]     limit: 12,
[WebServer]     page: undefined,
[WebServer]     categoryId: undefined,
[WebServer]     hasSearch: false,
[WebServer]     ingredientId: null,
[WebServer]     excludeComingSoon: false,
[WebServer]     excludeOutOfStock: true
[WebServer]   }
[WebServer] }

[1A[2K[WebServer] [Mystique][getProducts][DEBUG] embed/mock catalog path { supabaseQueryRan: false, 
rowCountAfterMockFilter: 6 }

[1A[2K[WebServer] [Mystique][getProducts][DEBUG] entry {
[WebServer]   hasSupabaseEnv: false,
[WebServer]   supabaseIsNull: true,
[WebServer]   shouldLoadCatalogFromEmbeds: true,
[WebServer]   allowMockCatalog: true,
[WebServer]   options: {
[WebServer]     sortBy: 'newest',
[WebServer]     limit: undefined,
[WebServer]     page: undefined,
[WebServer]     categoryId: undefined,
[WebServer]     hasSearch: false,
[WebServer]     ingredientId: null,
[WebServer]     excludeComingSoon: true,
[WebServer]     excludeOutOfStock: true
[WebServer]   }
[WebServer] }

[1A[2K[WebServer] [Mystique][getProducts][DEBUG] embed/mock catalog path { supabaseQueryRan: false, 
rowCountAfterMockFilter: 6 }

[1A[2K[WebServer] [Mystique][getProducts][DEBUG] entry {
[WebServer]   hasSupabaseEnv: false,

[WebServer]   supabaseIsNull: true,
[WebServer]   shouldLoadCatalogFromEmbeds: true,
[WebServer]   allowMockCatalog: true,
[WebServer]   options: {
[WebServer]     sortBy: 'newest',
[WebServer]     limit: undefined,
[WebServer]     page: undefined,
[WebServer]     categoryId: undefined,
[WebServer]     hasSearch: false,
[WebServer]     ingredientId: null,
[WebServer]     excludeComingSoon: true,
[WebServer]     excludeOutOfStock: true
[WebServer]   }
[WebServer] }
[1A[2K[WebServer] [Mystique][getProducts][DEBUG] embed/mock catalog path { supabaseQueryRan: false, 
rowCountAfterMockFilter: 6 }

[1A[2K[WebServer] [Mystique][getProducts][DEBUG] entry {
[WebServer]   hasSupabaseEnv: false,
[WebServer]   supabaseIsNull: true,
[WebServer]   shouldLoadCatalogFromEmbeds: true,
[WebServer]   allowMockCatalog: true,
[WebServer]   options: {
[WebServer]     sortBy: 'featured',
[WebServer]     limit: 12,
[WebServer]     page: undefined,
[WebServer]     categoryId: undefined,
[WebServer]     hasSearch: false,
[WebServer]     ingredientId: null,
[WebServer]     excludeComingSoon: false,
[WebServer]     excludeOutOfStock: true
[WebServer]   }
[WebServer] }
[WebServer] [Mystique][getProducts][DEBUG] embed/mock catalog path { supabaseQueryRan: false, rowCountAfterMockFilter: 
6 }

[1A[2K[WebServer] [Mystique][getProducts][DEBUG] entry {
[WebServer]   hasSupabaseEnv: false,
[WebServer]   supabaseIsNull: true,
[WebServer]   shouldLoadCatalogFromEmbeds: true,
[WebServer]   allowMockCatalog: true,
[WebServer]   options: {
[WebServer]     sortBy: 'newest',
[WebServer]     limit: undefined,
[WebServer]     page: undefined,
[WebServer]     categoryId: undefined,
[WebServer]     hasSearch: false,
[WebServer]     ingredientId: null,
[WebServer]     excludeComingSoon: true,
[WebServer]     excludeOutOfStock: true
[WebServer]   }
[WebServer] }

[1A[2K[WebServer] [Mystique][getProducts][DEBUG] embed/mock catalog path { supabaseQueryRan: false, 
rowCountAfterMockFilter: 6 }

[1A[2K[WebServer] [Mystique][getProducts][DEBUG] entry {
[WebServer]   hasSupabaseEnv: false,
[WebServer]   supabaseIsNull: true,
[WebServer]   shouldLoadCatalogFromEmbeds: true,
[WebServer]   allowMockCatalog: true,
[WebServer]   options: {
[WebServer]     sortBy: 'newest',
[WebServer]     limit: undefined,
[WebServer]     page: undefined,
[WebServer]     categoryId: undefined,
[WebServer]     hasSearch: false,
[WebServer]     ingredientId: null,
[WebServer]     excludeComingSoon: true,
[WebServer]     excludeOutOfStock: true
[WebServer]   }
[WebServer] }

[1A[2K[WebServer] [Mystique][getProducts][DEBUG] embed/mock catalog path { supabaseQueryRan: false, 
rowCountAfterMockFilter: 6 }

[1A[2K[12/59] [chromium] ΓÇ║ tests\account-legal-and-status.spec.ts:129:7 ΓÇ║ account, legal, and status routes ΓÇ║ contact and checkout status routes surface their state messages
[1A[2K[WebServer] [Mystique][getProducts][DEBUG] entry {
[WebServer]   hasSupabaseEnv: false,
[WebServer]   supabaseIsNull: true,
[WebServer]   shouldLoadCatalogFromEmbeds: true,
[WebServer]   allowMockCatalog: true,
[WebServer]   options: {
[WebServer]     sortBy: 'featured',
[WebServer]     limit: 12,
[WebServer]     page: undefined,
[WebServer]     categoryId: undefined,
[WebServer]     hasSearch: false,
[WebServer]     ingredientId: null,
[WebServer]     excludeComingSoon: false,
[WebServer]     excludeOutOfStock: true
[WebServer]   }
[WebServer] }

[1A[2K[WebServer] [Mystique][getProducts][DEBUG] embed/mock catalog path { supabaseQueryRan: false, 
rowCountAfterMockFilter: 6 }

[1A[2K[WebServer] [Mystique][getProducts][DEBUG] entry {
[WebServer]   hasSupabaseEnv: false,
[WebServer]   supabaseIsNull: true,
[WebServer]   shouldLoadCatalogFromEmbeds: true,
[WebServer]   allowMockCatalog: true,
[WebServer]   options: {
[WebServer]     sortBy: 'newest',
[WebServer]     limit: undefined,
[WebServer]     page: undefined,
[WebServer]     categoryId: undefined,
[WebServer]     hasSearch: false,
[WebServer]     ingredientId: null,
[WebServer]     excludeComingSoon: true,
[WebServer]     excludeOutOfStock: true
[WebServer]   }
[WebServer] }

[1A[2K[WebServer] [Mystique][getProducts][DEBUG] embed/mock catalog path { supabaseQueryRan: false, 
rowCountAfterMockFilter: 6 }
[WebServer] [Mystique][getProducts][DEBUG] entry {
[WebServer]   hasSupabaseEnv: false,
[WebServer]   supabaseIsNull: true,
[WebServer]   shouldLoadCatalogFromEmbeds: true,
[WebServer]   allowMockCatalog: true,
[WebServer]   options: {
[WebServer]     sortBy: 'newest',
[WebServer]     limit: undefined,
[WebServer]     page: undefined,
[WebServer]     categoryId: undefined,
[WebServer]     hasSearch: false,
[WebServer]     ingredientId: null,
[WebServer]     excludeComingSoon: true,
[WebServer]     excludeOutOfStock: true
[WebServer]   }
[WebServer] }
[WebServer] [Mystique][getProducts][DEBUG] embed/mock catalog path { supabaseQueryRan: false, rowCountAfterMockFilter: 
6 }

[1A[2K[13/59] [chromium] ΓÇ║ tests\account-page.spec.ts:16:7 ΓÇ║ account hub ΓÇ║ unauthenticated /account shows sign-in heading or redirects
[1A[2K[14/59] [chromium] ΓÇ║ tests\auth-flow.spec.ts:18:7 ΓÇ║ auth flow ΓÇ║ login page renders email input and submit button

[1A[2K[WebServer] [Mystique][getProducts][DEBUG] entry {
[WebServer]   hasSupabaseEnv: false,
[WebServer]   supabaseIsNull: true,
[WebServer]   shouldLoadCatalogFromEmbeds: true,
[WebServer]   allowMockCatalog: true,
[WebServer]   options: {
[WebServer]     sortBy: 'featured',
[WebServer]     limit: 12,
[WebServer]     page: undefined,
[WebServer]     categoryId: undefined,
[WebServer]     hasSearch: false,
[WebServer]     ingredientId: null,
[WebServer]     excludeComingSoon: false,
[WebServer]     excludeOutOfStock: true
[WebServer]   }
[WebServer] }

[1A[2K[WebServer] [Mystique][getProducts][DEBUG] embed/mock catalog path { supabaseQueryRan: false, 
rowCountAfterMockFilter: 6 }
[1A[2K[WebServer] [Mystique][getProducts][DEBUG] entry {
[WebServer]   hasSupabaseEnv: false,
[WebServer]   supabaseIsNull: true,
[WebServer]   shouldLoadCatalogFromEmbeds: true,
[WebServer]   allowMockCatalog: true,
[WebServer]   options: {
[WebServer]     sortBy: 'newest',
[WebServer]     limit: undefined,
[WebServer]     page: undefined,
[WebServer]     categoryId: undefined,
[WebServer]     hasSearch: false,
[WebServer]     ingredientId: null,
[WebServer]     excludeComingSoon: true,
[WebServer]     excludeOutOfStock: true
[WebServer]   }
[WebServer] }

[1A[2K[WebServer] [Mystique][getProducts][DEBUG] embed/mock catalog path { supabaseQueryRan: false, 
rowCountAfterMockFilter: 6 }

[1A[2K[WebServer] [Mystique][getProducts][DEBUG] entry {
[WebServer]   hasSupabaseEnv: false,
[WebServer]   supabaseIsNull: true,
[WebServer]   shouldLoadCatalogFromEmbeds: true,
[WebServer]   allowMockCatalog: true,
[WebServer]   options: {
[WebServer]     sortBy: 'newest',
[WebServer]     limit: undefined,
[WebServer]     page: undefined,
[WebServer]     categoryId: undefined,
[WebServer]     hasSearch: false,
[WebServer]     ingredientId: null,
[WebServer]     excludeComingSoon: true,
[WebServer]     excludeOutOfStock: true
[WebServer]   }
[WebServer] }

[1A[2K[WebServer] [Mystique][getProducts][DEBUG] embed/mock catalog path { supabaseQueryRan: false, 
rowCountAfterMockFilter: 6 }

[1A[2K[WebServer] [Mystique][getProducts][DEBUG] entry {
[WebServer]   hasSupabaseEnv: false,
[WebServer]   supabaseIsNull: true,
[WebServer]   shouldLoadCatalogFromEmbeds: true,
[WebServer]   allowMockCatalog: true,
[WebServer]   options: {
[WebServer]     sortBy: 'featured',
[WebServer]     limit: 12,
[WebServer]     page: undefined,
[WebServer]     categoryId: undefined,
[WebServer]     hasSearch: false,
[WebServer]     ingredientId: null,
[WebServer]     excludeComingSoon: false,
[WebServer]     excludeOutOfStock: true
[WebServer]   }
[WebServer] }

[1A[2K[WebServer] [Mystique][getProducts][DEBUG] embed/mock catalog path { supabaseQueryRan: false, 
rowCountAfterMockFilter: 6 }

[1A[2K[15/59] [chromium] ΓÇ║ tests\auth-flow.spec.ts:29:7 ΓÇ║ auth flow ΓÇ║ signup page renders email input and submit button
[1A[2K[16/59] [chromium] ΓÇ║ tests\auth-flow.spec.ts:40:7 ΓÇ║ auth flow ΓÇ║ create account: submitting a valid email shows check-email status
[1A[2K[WebServer] [Mystique][getProducts][DEBUG] entry {
[WebServer]   hasSupabaseEnv: false,
[WebServer]   supabaseIsNull: true,
[WebServer]   shouldLoadCatalogFromEmbeds: true,
[WebServer]   allowMockCatalog: true,
[WebServer]   options: {
[WebServer]     sortBy: 'featured',
[WebServer]     limit: 12,
[WebServer]     page: undefined,
[WebServer]     categoryId: undefined,
[WebServer]     hasSearch: false,
[WebServer]     ingredientId: null,
[WebServer]     excludeComingSoon: false,
[WebServer]     excludeOutOfStock: true
[WebServer]   }
[WebServer] }
[WebServer] [Mystique][getProducts][DEBUG] embed/mock catalog path { supabaseQueryRan: false, rowCountAfterMockFilter: 
6 }

[1A[2K[WebServer] [Mystique][getProducts][DEBUG] entry {
[WebServer]   hasSupabaseEnv: false,
[WebServer]   supabaseIsNull: true,
[WebServer]   shouldLoadCatalogFromEmbeds: true,
[WebServer]   allowMockCatalog: true,
[WebServer]   options: {
[WebServer]     sortBy: 'newest',
[WebServer]     limit: undefined,
[WebServer]     page: undefined,
[WebServer]     categoryId: undefined,
[WebServer]     hasSearch: false,
[WebServer]     ingredientId: null,
[WebServer]     excludeComingSoon: true,
[WebServer]     excludeOutOfStock: true
[WebServer]   }
[WebServer] }

[1A[2K[WebServer] [Mystique][getProducts][DEBUG] embed/mock catalog path { supabaseQueryRan: false, 
rowCountAfterMockFilter: 6 }

[1A[2K[WebServer] [Mystique][getProducts][DEBUG] entry {
[WebServer]   hasSupabaseEnv: false,
[WebServer]   supabaseIsNull: true,
[WebServer]   shouldLoadCatalogFromEmbeds: true,
[WebServer]   allowMockCatalog: true,
[WebServer]   options: {
[WebServer]     sortBy: 'newest',
[WebServer]     limit: undefined,

[WebServer]     page: undefined,
[WebServer]     categoryId: undefined,
[WebServer]     hasSearch: false,
[WebServer]     ingredientId: null,
[WebServer]     excludeComingSoon: true,
[WebServer]     excludeOutOfStock: true
[WebServer]   }
[WebServer] }
[1A[2K[WebServer] [Mystique][getProducts][DEBUG] embed/mock catalog path { supabaseQueryRan: false, 
rowCountAfterMockFilter: 6 }

[1A[2K[17/59] [chromium] ΓÇ║ tests\auth-flow.spec.ts:58:7 ΓÇ║ auth flow ΓÇ║ login: submitting a valid email shows check-email status
[1A[2K[WebServer] [Mystique][getProducts][DEBUG] entry {
[WebServer]   hasSupabaseEnv: false,
[WebServer]   supabaseIsNull: true,
[WebServer]   shouldLoadCatalogFromEmbeds: true,
[WebServer]   allowMockCatalog: true,
[WebServer]   options: {
[WebServer]     sortBy: 'featured',
[WebServer]     limit: 12,
[WebServer]     page: undefined,
[WebServer]     categoryId: undefined,
[WebServer]     hasSearch: false,
[WebServer]     ingredientId: null,
[WebServer]     excludeComingSoon: false,
[WebServer]     excludeOutOfStock: true
[WebServer]   }
[WebServer] }

[1A[2K[WebServer] [Mystique][getProducts][DEBUG] embed/mock catalog path { supabaseQueryRan: false, 
rowCountAfterMockFilter: 6 }

[1A[2K[18/59] [chromium] ΓÇ║ tests\auth-flow.spec.ts:74:7 ΓÇ║ auth flow ΓÇ║ unauthenticated /account redirects to login
[1A[2K[WebServer] [Mystique][getProducts][DEBUG] entry {
[WebServer]   hasSupabaseEnv: false,
[WebServer]   supabaseIsNull: true,
[WebServer]   shouldLoadCatalogFromEmbeds: true,
[WebServer]   allowMockCatalog: true,
[WebServer]   options: {
[WebServer]     sortBy: 'featured',
[WebServer]     limit: 12,
[WebServer]     page: undefined,
[WebServer]     categoryId: undefined,
[WebServer]     hasSearch: false,
[WebServer]     ingredientId: null,
[WebServer]     excludeComingSoon: false,
[WebServer]     excludeOutOfStock: true
[WebServer]   }
[WebServer] }

[1A[2K[WebServer] [Mystique][getProducts][DEBUG] embed/mock catalog path { supabaseQueryRan: false, 
rowCountAfterMockFilter: 6 }


[1A[2K[WebServer] [Mystique][getProducts][DEBUG] entry {
[WebServer]   hasSupabaseEnv: false,
[WebServer]   supabaseIsNull: true,
[WebServer]   shouldLoadCatalogFromEmbeds: true,
[WebServer]   allowMockCatalog: true,
[WebServer]   options: {
[WebServer]     sortBy: 'newest',
[WebServer]     limit: undefined,
[WebServer]     page: undefined,
[WebServer]     categoryId: undefined,
[WebServer]     hasSearch: false,
[WebServer]     ingredientId: null,
[WebServer]     excludeComingSoon: true,
[WebServer]     excludeOutOfStock: true
[WebServer]   }
[WebServer] }
[1A[2K[WebServer] [Mystique][getProducts][DEBUG] embed/mock catalog path { supabaseQueryRan: false, 
rowCountAfterMockFilter: 6 }

[1A[2K[WebServer] [Mystique][getProducts][DEBUG] entry {
[WebServer]   hasSupabaseEnv: false,
[WebServer]   supabaseIsNull: true,
[WebServer]   shouldLoadCatalogFromEmbeds: true,
[WebServer]   allowMockCatalog: true,

[WebServer]   options: {
[WebServer]     sortBy: 'newest',
[WebServer]     limit: undefined,
[WebServer]     page: undefined,
[WebServer]     categoryId: undefined,
[WebServer]     hasSearch: false,
[WebServer]     ingredientId: null,
[WebServer]     excludeComingSoon: true,
[WebServer]     excludeOutOfStock: true
[WebServer]   }
[WebServer] }
[WebServer] [Mystique][getProducts][DEBUG] embed/mock catalog path { supabaseQueryRan: false, rowCountAfterMockFilter: 
6 }
[1A[2K[19/59] [chromium] ΓÇ║ tests\cart-and-checkout.spec.ts:17:7 ΓÇ║ cart and checkout ΓÇ║ guest can add a product to the cart and see it in the bag

[1A[2K[WebServer] [Mystique][getProducts][DEBUG] entry {
[WebServer]   hasSupabaseEnv: false,
[WebServer]   supabaseIsNull: true,
[WebServer]   shouldLoadCatalogFromEmbeds: true,
[WebServer]   allowMockCatalog: true,
[WebServer]   options: {
[WebServer]     sortBy: 'newest',
[WebServer]     limit: 64,
[WebServer]     page: undefined,
[WebServer]     categoryId: undefined,
[WebServer]     hasSearch: false,
[WebServer]     ingredientId: null,
[WebServer]     excludeComingSoon: true,
[WebServer]     excludeOutOfStock: true
[WebServer]   }
[WebServer] }
[1A[2K[WebServer] [Mystique][getProducts][DEBUG] embed/mock catalog path { supabaseQueryRan: false, 
rowCountAfterMockFilter: 6 }

[1A[2K[WebServer] [Mystique][getProducts][DEBUG] entry {
[WebServer]   hasSupabaseEnv: false,
[WebServer]   supabaseIsNull: true,
[WebServer]   shouldLoadCatalogFromEmbeds: true,
[WebServer]   allowMockCatalog: true,
[WebServer]   options: {

[WebServer]     sortBy: 'newest',
[WebServer]     limit: 48,
[WebServer]     page: undefined,
[WebServer]     categoryId: undefined,
[WebServer]     hasSearch: false,
[WebServer]     ingredientId: null,
[WebServer]     excludeComingSoon: true,
[WebServer]     excludeOutOfStock: true
[WebServer]   }
[WebServer] }
[1A[2K[WebServer] [Mystique][getProducts][DEBUG] embed/mock catalog path { supabaseQueryRan: false, 
rowCountAfterMockFilter: 6 }

[1A[2K[WebServer] [Mystique][getProducts][DEBUG] entry {
[WebServer]   hasSupabaseEnv: false,
[WebServer]   supabaseIsNull: true,
[WebServer]   shouldLoadCatalogFromEmbeds: true,
[WebServer]   allowMockCatalog: true,
[WebServer]   options: {
[WebServer]     sortBy: 'featured',
[WebServer]     limit: 12,
[WebServer]     page: undefined,
[WebServer]     categoryId: undefined,
[WebServer]     hasSearch: false,
[WebServer]     ingredientId: null,
[WebServer]     excludeComingSoon: false,
[WebServer]     excludeOutOfStock: true
[WebServer]   }
[WebServer] }
[1A[2K[WebServer] [Mystique][getProducts][DEBUG] embed/mock catalog path { supabaseQueryRan: false, 
rowCountAfterMockFilter: 6 }


[1A[2K[WebServer] [Mystique][getProducts][DEBUG] entry {
[WebServer]   hasSupabaseEnv: false,

[WebServer]   supabaseIsNull: true,
[WebServer]   shouldLoadCatalogFromEmbeds: true,
[WebServer]   allowMockCatalog: true,
[WebServer]   options: {
[WebServer]     sortBy: 'newest',
[WebServer]     limit: undefined,
[WebServer]     page: undefined,
[WebServer]     categoryId: undefined,
[WebServer]     hasSearch: false,
[WebServer]     ingredientId: null,
[WebServer]     excludeComingSoon: true,
[WebServer]     excludeOutOfStock: true
[WebServer]   }
[WebServer] }
[1A[2K[WebServer] [Mystique][getProducts][DEBUG] embed/mock catalog path { supabaseQueryRan: false, 
rowCountAfterMockFilter: 6 }

[1A[2K[WebServer] [Mystique][getProducts][DEBUG] entry {
[WebServer]   hasSupabaseEnv: false,
[WebServer]   supabaseIsNull: true,

[WebServer]   shouldLoadCatalogFromEmbeds: true,
[WebServer]   allowMockCatalog: true,
[WebServer]   options: {
[WebServer]     sortBy: 'newest',
[WebServer]     limit: undefined,
[WebServer]     page: undefined,
[WebServer]     categoryId: undefined,
[WebServer]     hasSearch: false,
[WebServer]     ingredientId: null,
[WebServer]     excludeComingSoon: true,
[WebServer]     excludeOutOfStock: true
[WebServer]   }
[WebServer] }
[1A[2K[WebServer] [Mystique][getProducts][DEBUG] embed/mock catalog path { supabaseQueryRan: false, 
rowCountAfterMockFilter: 6 }

[1A[2K[WebServer] [Mystique][getProducts][DEBUG] entry {
[WebServer]   hasSupabaseEnv: false,
[WebServer]   supabaseIsNull: true,
[WebServer]   shouldLoadCatalogFromEmbeds: true,

[WebServer]   allowMockCatalog: true,
[WebServer]   options: {
[WebServer]     sortBy: 'featured',
[WebServer]     limit: 12,
[WebServer]     page: undefined,
[WebServer]     categoryId: undefined,
[WebServer]     hasSearch: false,
[WebServer]     ingredientId: null,
[WebServer]     excludeComingSoon: false,
[WebServer]     excludeOutOfStock: true
[WebServer]   }
[WebServer] }
[1A[2K[WebServer] [Mystique][getProducts][DEBUG] embed/mock catalog path { supabaseQueryRan: false, 
rowCountAfterMockFilter: 6 }

[1A[2K[WebServer] [Mystique][getProducts][DEBUG] entry {
[WebServer]   hasSupabaseEnv: false,
[WebServer]   supabaseIsNull: true,
[WebServer]   shouldLoadCatalogFromEmbeds: true,
[WebServer]   allowMockCatalog: true,
[WebServer]   options: {
[WebServer]     sortBy: 'newest',
[WebServer]     limit: undefined,
[WebServer]     page: undefined,
[WebServer]     categoryId: undefined,
[WebServer]     hasSearch: false,
[WebServer]     ingredientId: null,
[WebServer]     excludeComingSoon: true,
[WebServer]     excludeOutOfStock: true
[WebServer]   }
[WebServer] }

[1A[2K[WebServer] [Mystique][getProducts][DEBUG] embed/mock catalog path { supabaseQueryRan: false, 
rowCountAfterMockFilter: 6 }

[1A[2K[WebServer] [Mystique][getProducts][DEBUG] entry {
[WebServer]   hasSupabaseEnv: false,
[WebServer]   supabaseIsNull: true,
[WebServer]   shouldLoadCatalogFromEmbeds: true,
[WebServer]   allowMockCatalog: true,
[WebServer]   options: {
[WebServer]     sortBy: 'newest',
[WebServer]     limit: undefined,
[WebServer]     page: undefined,
[WebServer]     categoryId: undefined,
[WebServer]     hasSearch: false,
[WebServer]     ingredientId: null,
[WebServer]     excludeComingSoon: true,
[WebServer]     excludeOutOfStock: true
[WebServer]   }
[WebServer] }
[WebServer] [Mystique][getProducts][DEBUG] embed/mock catalog path { supabaseQueryRan: false, rowCountAfterMockFilter: 
6 }

[1A[2K[20/59] [chromium] ΓÇ║ tests\cart-and-checkout.spec.ts:29:7 ΓÇ║ cart and checkout ΓÇ║ guest checkout shows shipping form, order summary, and sign-in CTAs
[1A[2K[WebServer] [Mystique][getProducts][DEBUG] entry {
[WebServer]   hasSupabaseEnv: false,
[WebServer]   supabaseIsNull: true,
[WebServer]   shouldLoadCatalogFromEmbeds: true,
[WebServer]   allowMockCatalog: true,
[WebServer]   options: {
[WebServer]     sortBy: 'newest',
[WebServer]     limit: 64,
[WebServer]     page: undefined,
[WebServer]     categoryId: undefined,

[WebServer]     hasSearch: false,
[WebServer]     ingredientId: null,
[WebServer]     excludeComingSoon: true,
[WebServer]     excludeOutOfStock: true
[WebServer]   }
[WebServer] }
[1A[2K[WebServer] [Mystique][getProducts][DEBUG] embed/mock catalog path { supabaseQueryRan: false, 
rowCountAfterMockFilter: 6 }
[WebServer] [Mystique][getProducts][DEBUG] entry {

[WebServer]   hasSupabaseEnv: false,
[WebServer]   supabaseIsNull: true,
[WebServer]   shouldLoadCatalogFromEmbeds: true,
[WebServer]   allowMockCatalog: true,
[WebServer]   options: {
[WebServer]     sortBy: 'newest',
[WebServer]     limit: 48,
[WebServer]     page: undefined,
[WebServer]     categoryId: undefined,
[WebServer]     hasSearch: false,
[WebServer]     ingredientId: null,
[WebServer]     excludeComingSoon: true,
[WebServer]     excludeOutOfStock: true
[WebServer]   }
[WebServer] }
[WebServer] [Mystique][getProducts][DEBUG] embed/mock catalog path { supabaseQueryRan: false, rowCountAfterMockFilter: 
6 }
[1A[2K[WebServer] [Mystique][getProducts][DEBUG] entry {
[WebServer]   hasSupabaseEnv: false,
[WebServer]   supabaseIsNull: true,
[WebServer]   shouldLoadCatalogFromEmbeds: true,
[WebServer]   allowMockCatalog: true,
[WebServer]   options: {
[WebServer]     sortBy: 'featured',
[WebServer]     limit: 12,
[WebServer]     page: undefined,
[WebServer]     categoryId: undefined,
[WebServer]     hasSearch: false,
[WebServer]     ingredientId: null,
[WebServer]     excludeComingSoon: false,
[WebServer]     excludeOutOfStock: true
[WebServer]   }
[WebServer] }
[WebServer] [Mystique][getProducts][DEBUG] embed/mock catalog path { supabaseQueryRan: false, rowCountAfterMockFilter: 
6 }


[1A[2K[WebServer] [Mystique][getProducts][DEBUG] entry {
[WebServer]   hasSupabaseEnv: false,
[WebServer]   supabaseIsNull: true,
[WebServer]   shouldLoadCatalogFromEmbeds: true,
[WebServer]   allowMockCatalog: true,
[WebServer]   options: {
[WebServer]     sortBy: 'newest',
[WebServer]     limit: undefined,
[WebServer]     page: undefined,
[WebServer]     categoryId: undefined,
[WebServer]     hasSearch: false,
[WebServer]     ingredientId: null,
[WebServer]     excludeComingSoon: true,
[WebServer]     excludeOutOfStock: true
[WebServer]   }
[WebServer] }
[1A[2K[WebServer] [Mystique][getProducts][DEBUG] embed/mock catalog path { supabaseQueryRan: false, 
rowCountAfterMockFilter: 6 }

[1A[2K[WebServer] [Mystique][getProducts][DEBUG] entry {
[WebServer]   hasSupabaseEnv: false,
[WebServer]   supabaseIsNull: true,
[WebServer]   shouldLoadCatalogFromEmbeds: true,
[WebServer]   allowMockCatalog: true,
[WebServer]   options: {
[WebServer]     sortBy: 'newest',
[WebServer]     limit: undefined,
[WebServer]     page: undefined,
[WebServer]     categoryId: undefined,
[WebServer]     hasSearch: false,
[WebServer]     ingredientId: null,
[WebServer]     excludeComingSoon: true,
[WebServer]     excludeOutOfStock: true
[WebServer]   }
[WebServer] }

[1A[2K[WebServer] [Mystique][getProducts][DEBUG] embed/mock catalog path { supabaseQueryRan: false, 
rowCountAfterMockFilter: 6 }

[1A[2K[WebServer] [Mystique][getProducts][DEBUG] entry {
[WebServer]   hasSupabaseEnv: false,
[WebServer]   supabaseIsNull: true,
[WebServer]   shouldLoadCatalogFromEmbeds: true,
[WebServer]   allowMockCatalog: true,
[WebServer]   options: {
[WebServer]     sortBy: 'featured',
[WebServer]     limit: 12,
[WebServer]     page: undefined,
[WebServer]     categoryId: undefined,
[WebServer]     hasSearch: false,
[WebServer]     ingredientId: null,
[WebServer]     excludeComingSoon: false,
[WebServer]     excludeOutOfStock: true
[WebServer]   }
[WebServer] }
[1A[2K[WebServer] [Mystique][getProducts][DEBUG] embed/mock catalog path { supabaseQueryRan: false, 
rowCountAfterMockFilter: 6 }



[1A[2K[WebServer] [Mystique][getProducts][DEBUG] entry {
[WebServer]   hasSupabaseEnv: false,
[WebServer]   supabaseIsNull: true,
[WebServer]   shouldLoadCatalogFromEmbeds: true,
[WebServer]   allowMockCatalog: true,
[WebServer]   options: {
[WebServer]     sortBy: 'newest',
[WebServer]     limit: undefined,
[WebServer]     page: undefined,
[WebServer]     categoryId: undefined,
[WebServer]     hasSearch: false,
[WebServer]     ingredientId: null,
[WebServer]     excludeComingSoon: true,
[WebServer]     excludeOutOfStock: true
[WebServer]   }
[WebServer] }
[WebServer] [Mystique][getProducts][DEBUG] embed/mock catalog path { supabaseQueryRan: false, rowCountAfterMockFilter: 
6 }
[1A[2K[WebServer] [Mystique][getProducts][DEBUG] entry {
[WebServer]   hasSupabaseEnv: false,
[WebServer]   supabaseIsNull: true,
[WebServer]   shouldLoadCatalogFromEmbeds: true,
[WebServer]   allowMockCatalog: true,
[WebServer]   options: {
[WebServer]     sortBy: 'newest',
[WebServer]     limit: undefined,
[WebServer]     page: undefined,
[WebServer]     categoryId: undefined,
[WebServer]     hasSearch: false,
[WebServer]     ingredientId: null,
[WebServer]     excludeComingSoon: true,
[WebServer]     excludeOutOfStock: true
[WebServer]   }
[WebServer] }

[1A[2K[WebServer] [Mystique][getProducts][DEBUG] embed/mock catalog path { supabaseQueryRan: false, 
rowCountAfterMockFilter: 6 }

[1A[2K[21/59] [chromium] ΓÇ║ tests\cart-and-checkout.spec.ts:45:7 ΓÇ║ cart and checkout ΓÇ║ checkout surfaces empty-bag and stripe messaging via query params
[1A[2K[22/59] [chromium] ΓÇ║ tests\cart-and-checkout.spec.ts:60:7 ΓÇ║ cart and checkout ΓÇ║ create-checkout-session rejects guests before Stripe (401 or integration 503)
[1A[2K[WebServer] [checkout] route hit

[1A[2K[23/59] [chromium] ΓÇ║ tests\cart-and-checkout.spec.ts:85:7 ΓÇ║ cart and checkout ΓÇ║ guest can update cart quantity and totals from the bag

[1A[2K[WebServer] [Mystique][getProducts][DEBUG] entry {
[WebServer]   hasSupabaseEnv: false,
[WebServer]   supabaseIsNull: true,
[WebServer]   shouldLoadCatalogFromEmbeds: true,
[WebServer]   allowMockCatalog: true,
[WebServer]   options: {
[WebServer]     sortBy: 'newest',
[WebServer]     limit: 64,
[WebServer]     page: undefined,
[WebServer]     categoryId: undefined,
[WebServer]     hasSearch: false,
[WebServer]     ingredientId: null,
[WebServer]     excludeComingSoon: true,
[WebServer]     excludeOutOfStock: true
[WebServer]   }
[WebServer] }
[1A[2K[WebServer] [Mystique][getProducts][DEBUG] embed/mock catalog path { supabaseQueryRan: false, 
rowCountAfterMockFilter: 6 }
[WebServer] [Mystique][getProducts][DEBUG] entry {
[WebServer]   hasSupabaseEnv: false,
[WebServer]   supabaseIsNull: true,
[WebServer]   shouldLoadCatalogFromEmbeds: true,
[WebServer]   allowMockCatalog: true,
[WebServer]   options: {
[WebServer]     sortBy: 'newest',
[WebServer]     limit: 48,
[WebServer]     page: undefined,
[WebServer]     categoryId: undefined,
[WebServer]     hasSearch: false,
[WebServer]     ingredientId: null,
[WebServer]     excludeComingSoon: true,
[WebServer]     excludeOutOfStock: true
[WebServer]   }
[WebServer] }

[1A[2K[WebServer] [Mystique][getProducts][DEBUG] embed/mock catalog path { supabaseQueryRan: false, 
rowCountAfterMockFilter: 6 }


[1A[2K[WebServer] [Mystique][getProducts][DEBUG] entry {
[WebServer]   hasSupabaseEnv: false,
[WebServer]   supabaseIsNull: true,
[WebServer]   shouldLoadCatalogFromEmbeds: true,
[WebServer]   allowMockCatalog: true,
[WebServer]   options: {
[WebServer]     sortBy: 'featured',
[WebServer]     limit: 12,
[WebServer]     page: undefined,
[WebServer]     categoryId: undefined,
[WebServer]     hasSearch: false,
[WebServer]     ingredientId: null,
[WebServer]     excludeComingSoon: false,
[WebServer]     excludeOutOfStock: true
[WebServer]   }
[WebServer] }
[1A[2K[WebServer] [Mystique][getProducts][DEBUG] embed/mock catalog path { supabaseQueryRan: false, 
rowCountAfterMockFilter: 6 }

[1A[2K[WebServer] [Mystique][getProducts][DEBUG] entry {
[WebServer]   hasSupabaseEnv: false,
[WebServer]   supabaseIsNull: true,
[WebServer]   shouldLoadCatalogFromEmbeds: true,
[WebServer]   allowMockCatalog: true,

[WebServer]   options: {
[WebServer]     sortBy: 'newest',
[WebServer]     limit: undefined,
[WebServer]     page: undefined,
[WebServer]     categoryId: undefined,
[WebServer]     hasSearch: false,
[WebServer]     ingredientId: null,
[WebServer]     excludeComingSoon: true,
[WebServer]     excludeOutOfStock: true
[WebServer]   }
[WebServer] }
[1A[2K[WebServer] [Mystique][getProducts][DEBUG] embed/mock catalog path { supabaseQueryRan: false, 
rowCountAfterMockFilter: 6 }

[1A[2K[WebServer] [Mystique][getProducts][DEBUG] entry {
[WebServer]   hasSupabaseEnv: false,
[WebServer]   supabaseIsNull: true,
[WebServer]   shouldLoadCatalogFromEmbeds: true,
[WebServer]   allowMockCatalog: true,
[WebServer]   options: {
[WebServer]     sortBy: 'newest',
[WebServer]     limit: undefined,
[WebServer]     page: undefined,
[WebServer]     categoryId: undefined,
[WebServer]     hasSearch: false,
[WebServer]     ingredientId: null,
[WebServer]     excludeComingSoon: true,

[WebServer]     excludeOutOfStock: true
[WebServer]   }
[WebServer] }
[1A[2K[WebServer] [Mystique][getProducts][DEBUG] embed/mock catalog path { supabaseQueryRan: false, 
rowCountAfterMockFilter: 6 }

[1A[2K[24/59] [chromium] ΓÇ║ tests\cart-and-checkout.spec.ts:107:7 ΓÇ║ cart and checkout ΓÇ║ guest can remove an item and return to the empty cart state

[1A[2K[WebServer] [Mystique][getProducts][DEBUG] entry {
[WebServer]   hasSupabaseEnv: false,
[WebServer]   supabaseIsNull: true,
[WebServer]   shouldLoadCatalogFromEmbeds: true,
[WebServer]   allowMockCatalog: true,
[WebServer]   options: {
[WebServer]     sortBy: 'newest',
[WebServer]     limit: 64,
[WebServer]     page: undefined,
[WebServer]     categoryId: undefined,
[WebServer]     hasSearch: false,
[WebServer]     ingredientId: null,
[WebServer]     excludeComingSoon: true,
[WebServer]     excludeOutOfStock: true
[WebServer]   }
[WebServer] }
[1A[2K[WebServer] [Mystique][getProducts][DEBUG] embed/mock catalog path { supabaseQueryRan: false, 
rowCountAfterMockFilter: 6 }
[WebServer] [Mystique][getProducts][DEBUG] entry {
[WebServer]   hasSupabaseEnv: false,
[WebServer]   supabaseIsNull: true,
[WebServer]   shouldLoadCatalogFromEmbeds: true,
[WebServer]   allowMockCatalog: true,
[WebServer]   options: {
[WebServer]     sortBy: 'newest',
[WebServer]     limit: 48,
[WebServer]     page: undefined,
[WebServer]     categoryId: undefined,
[WebServer]     hasSearch: false,
[WebServer]     ingredientId: null,
[WebServer]     excludeComingSoon: true,
[WebServer]     excludeOutOfStock: true
[WebServer]   }
[WebServer] }
[WebServer] [Mystique][getProducts][DEBUG] embed/mock catalog path { supabaseQueryRan: false, rowCountAfterMockFilter: 
6 }

[1A[2K[WebServer] [Mystique][getProducts][DEBUG] entry {
[WebServer]   hasSupabaseEnv: false,
[WebServer]   supabaseIsNull: true,
[WebServer]   shouldLoadCatalogFromEmbeds: true,
[WebServer]   allowMockCatalog: true,
[WebServer]   options: {
[WebServer]     sortBy: 'featured',
[WebServer]     limit: 12,
[WebServer]     page: undefined,
[WebServer]     categoryId: undefined,
[WebServer]     hasSearch: false,
[WebServer]     ingredientId: null,
[WebServer]     excludeComingSoon: false,
[WebServer]     excludeOutOfStock: true
[WebServer]   }
[WebServer] }

[1A[2K[WebServer] [Mystique][getProducts][DEBUG] embed/mock catalog path { supabaseQueryRan: false, 
rowCountAfterMockFilter: 6 }

[1A[2K[WebServer] [Mystique][getProducts][DEBUG] entry {
[WebServer]   hasSupabaseEnv: false,
[WebServer]   supabaseIsNull: true,
[WebServer]   shouldLoadCatalogFromEmbeds: true,
[WebServer]   allowMockCatalog: true,
[WebServer]   options: {
[WebServer]     sortBy: 'featured',
[WebServer]     limit: 12,
[WebServer]     page: undefined,
[WebServer]     categoryId: undefined,
[WebServer]     hasSearch: false,
[WebServer]     ingredientId: null,
[WebServer]     excludeComingSoon: false,
[WebServer]     excludeOutOfStock: true
[WebServer]   }
[WebServer] }
[WebServer] [Mystique][getProducts][DEBUG] embed/mock catalog path { supabaseQueryRan: false, rowCountAfterMockFilter: 
6 }

[1A[2K[WebServer] [Mystique][getProducts][DEBUG] entry {
[WebServer]   hasSupabaseEnv: false,
[WebServer]   supabaseIsNull: true,
[WebServer]   shouldLoadCatalogFromEmbeds: true,
[WebServer]   allowMockCatalog: true,
[WebServer]   options: {
[WebServer]     sortBy: 'newest',
[WebServer]     limit: undefined,
[WebServer]     page: undefined,
[WebServer]     categoryId: undefined,
[WebServer]     hasSearch: false,
[WebServer]     ingredientId: null,
[WebServer]     excludeComingSoon: true,
[WebServer]     excludeOutOfStock: true
[WebServer]   }
[WebServer] }

[1A[2K[WebServer] [Mystique][getProducts][DEBUG] embed/mock catalog path { supabaseQueryRan: false, 
rowCountAfterMockFilter: 6 }

[1A[2K[WebServer] [Mystique][getProducts][DEBUG] entry {
[WebServer]   hasSupabaseEnv: false,
[WebServer]   supabaseIsNull: true,
[WebServer]   shouldLoadCatalogFromEmbeds: true,
[WebServer]   allowMockCatalog: true,
[WebServer]   options: {
[WebServer]     sortBy: 'newest',
[WebServer]     limit: undefined,
[WebServer]     page: undefined,
[WebServer]     categoryId: undefined,
[WebServer]     hasSearch: false,
[WebServer]     ingredientId: null,
[WebServer]     excludeComingSoon: true,
[WebServer]     excludeOutOfStock: true
[WebServer]   }
[WebServer] }
[WebServer] [Mystique][getProducts][DEBUG] embed/mock catalog path { supabaseQueryRan: false, rowCountAfterMockFilter: 
6 }

[1A[2K[WebServer] [Mystique][getProducts][DEBUG] entry {
[WebServer]   hasSupabaseEnv: false,
[WebServer]   supabaseIsNull: true,
[WebServer]   shouldLoadCatalogFromEmbeds: true,
[WebServer]   allowMockCatalog: true,
[WebServer]   options: {
[WebServer]     sortBy: 'featured',
[WebServer]     limit: 12,
[WebServer]     page: undefined,
[WebServer]     categoryId: undefined,
[WebServer]     hasSearch: false,
[WebServer]     ingredientId: null,
[WebServer]     excludeComingSoon: false,
[WebServer]     excludeOutOfStock: true
[WebServer]   }
[WebServer] }

[1A[2K[WebServer] [Mystique][getProducts][DEBUG] embed/mock catalog path { supabaseQueryRan: false, 
rowCountAfterMockFilter: 6 }

[1A[2K[WebServer] [Mystique][getProducts][DEBUG] entry {
[WebServer]   hasSupabaseEnv: false,
[WebServer]   supabaseIsNull: true,
[WebServer]   shouldLoadCatalogFromEmbeds: true,
[WebServer]   allowMockCatalog: true,
[WebServer]   options: {
[WebServer]     sortBy: 'newest',
[WebServer]     limit: undefined,
[WebServer]     page: undefined,
[WebServer]     categoryId: undefined,
[WebServer]     hasSearch: false,
[WebServer]     ingredientId: null,
[WebServer]     excludeComingSoon: true,
[WebServer]     excludeOutOfStock: true
[WebServer]   }
[WebServer] }
[WebServer] [Mystique][getProducts][DEBUG] embed/mock catalog path { supabaseQueryRan: false, rowCountAfterMockFilter: 
6 }
[WebServer] [Mystique][getProducts][DEBUG] entry {
[WebServer]   hasSupabaseEnv: false,
[WebServer]   supabaseIsNull: true,
[WebServer]   shouldLoadCatalogFromEmbeds: true,
[WebServer]   allowMockCatalog: true,
[WebServer]   options: {
[WebServer]     sortBy: 'newest',
[WebServer]     limit: undefined,
[WebServer]     page: undefined,
[WebServer]     categoryId: undefined,
[WebServer]     hasSearch: false,
[WebServer]     ingredientId: null,
[WebServer]     excludeComingSoon: true,
[WebServer]     excludeOutOfStock: true
[WebServer]   }
[WebServer] }
[WebServer] [Mystique][getProducts][DEBUG] embed/mock catalog path { supabaseQueryRan: false, rowCountAfterMockFilter: 
6 }

[1A[2K[WebServer] [Mystique][getProducts][DEBUG] entry {
[WebServer]   hasSupabaseEnv: false,
[WebServer]   supabaseIsNull: true,
[WebServer]   shouldLoadCatalogFromEmbeds: true,
[WebServer]   allowMockCatalog: true,
[WebServer]   options: {
[WebServer]     sortBy: 'featured',
[WebServer]     limit: 12,
[WebServer]     page: undefined,
[WebServer]     categoryId: undefined,
[WebServer]     hasSearch: false,
[WebServer]     ingredientId: null,
[WebServer]     excludeComingSoon: false,
[WebServer]     excludeOutOfStock: true
[WebServer]   }
[WebServer] }

[1A[2K[WebServer] [Mystique][getProducts][DEBUG] embed/mock catalog path { supabaseQueryRan: false, 
rowCountAfterMockFilter: 6 }

[1A[2K[WebServer] [Mystique][getProducts][DEBUG] entry {
[WebServer]   hasSupabaseEnv: false,
[WebServer]   supabaseIsNull: true,
[WebServer]   shouldLoadCatalogFromEmbeds: true,
[WebServer]   allowMockCatalog: true,
[WebServer]   options: {
[WebServer]     sortBy: 'newest',
[WebServer]     limit: undefined,
[WebServer]     page: undefined,
[WebServer]     categoryId: undefined,
[WebServer]     hasSearch: false,
[WebServer]     ingredientId: null,
[WebServer]     excludeComingSoon: true,
[WebServer]     excludeOutOfStock: true
[WebServer]   }
[WebServer] }
[1A[2K[WebServer] [Mystique][getProducts][DEBUG] embed/mock catalog path { supabaseQueryRan: false, 
rowCountAfterMockFilter: 6 }



[1A[2K[WebServer] [Mystique][getProducts][DEBUG] entry {
[WebServer]   hasSupabaseEnv: false,
[WebServer]   supabaseIsNull: true,
[WebServer]   shouldLoadCatalogFromEmbeds: true,
[WebServer]   allowMockCatalog: true,
[WebServer]   options: {
[WebServer]     sortBy: 'newest',
[WebServer]     limit: undefined,
[WebServer]     page: undefined,
[WebServer]     categoryId: undefined,
[WebServer]     hasSearch: false,
[WebServer]     ingredientId: null,
[WebServer]     excludeComingSoon: true,
[WebServer]     excludeOutOfStock: true
[WebServer]   }
[WebServer] }
[WebServer] [Mystique][getProducts][DEBUG] embed/mock catalog path { supabaseQueryRan: false, rowCountAfterMockFilter: 
6 }
[1A[2K[25/59] [chromium] ΓÇ║ tests\catalog-and-discovery.spec.ts:9:7 ΓÇ║ catalog and discovery ΓÇ║ search page returns matching products for bloom skin
[1A[2K[26/59] [chromium] ΓÇ║ tests\catalog-and-discovery.spec.ts:18:7 ΓÇ║ catalog and discovery ΓÇ║ shop search narrows the catalog
[1A[2K[WebServer] [Mystique][getProducts][DEBUG] entry {
[WebServer]   hasSupabaseEnv: false,
[WebServer]   supabaseIsNull: true,

[WebServer]   shouldLoadCatalogFromEmbeds: true,
[WebServer]   allowMockCatalog: true,
[WebServer]   options: {
[WebServer]     sortBy: 'featured',
[WebServer]     limit: 200,
[WebServer]     page: undefined,
[WebServer]     categoryId: undefined,
[WebServer]     hasSearch: false,
[WebServer]     ingredientId: null,
[WebServer]     excludeComingSoon: true,
[WebServer]     excludeOutOfStock: true
[WebServer]   }
[WebServer] }
[WebServer] [Mystique][getProducts][DEBUG] embed/mock catalog path { supabaseQueryRan: false, rowCountAfterMockFilter: 
6 }
[1A[2K[WebServer] [Mystique][getProducts][DEBUG] entry {
[WebServer]   hasSupabaseEnv: false,
[WebServer]   supabaseIsNull: true,
[WebServer]   shouldLoadCatalogFromEmbeds: true,
[WebServer]   allowMockCatalog: true,
[WebServer]   options: {
[WebServer]     sortBy: 'newest',
[WebServer]     limit: undefined,
[WebServer]     page: undefined,
[WebServer]     categoryId: undefined,
[WebServer]     hasSearch: false,
[WebServer]     ingredientId: null,
[WebServer]     excludeComingSoon: true,
[WebServer]     excludeOutOfStock: true
[WebServer]   }
[WebServer] }

[1A[2K[WebServer] [Mystique][getProducts][DEBUG] embed/mock catalog path { supabaseQueryRan: false, 
rowCountAfterMockFilter: 6 }

[1A[2K[WebServer] [Mystique][getProducts][DEBUG] entry {
[WebServer]   hasSupabaseEnv: false,
[WebServer]   supabaseIsNull: true,
[WebServer]   shouldLoadCatalogFromEmbeds: true,
[WebServer]   allowMockCatalog: true,
[WebServer]   options: {
[WebServer]     sortBy: 'newest',
[WebServer]     limit: undefined,
[WebServer]     page: undefined,
[WebServer]     categoryId: undefined,
[WebServer]     hasSearch: false,
[WebServer]     ingredientId: null,
[WebServer]     excludeComingSoon: true,
[WebServer]     excludeOutOfStock: true
[WebServer]   }
[WebServer] }
[1A[2K[WebServer] [Mystique][getProducts][DEBUG] embed/mock catalog path { supabaseQueryRan: false, 
rowCountAfterMockFilter: 6 }


[1A[2K[WebServer] [Mystique][getProducts][DEBUG] entry {
[WebServer]   hasSupabaseEnv: false,
[WebServer]   supabaseIsNull: true,
[WebServer]   shouldLoadCatalogFromEmbeds: true,
[WebServer]   allowMockCatalog: true,
[WebServer]   options: {
[WebServer]     sortBy: 'newest',
[WebServer]     limit: undefined,
[WebServer]     page: undefined,
[WebServer]     categoryId: undefined,
[WebServer]     hasSearch: false,

[WebServer]     ingredientId: null,
[WebServer]     excludeComingSoon: true,
[WebServer]     excludeOutOfStock: true
[WebServer]   }
[WebServer] }
[1A[2K[WebServer] [Mystique][getProducts][DEBUG] embed/mock catalog path { supabaseQueryRan: false, 
rowCountAfterMockFilter: 6 }

[1A[2K[WebServer] [Mystique][getProducts][DEBUG] entry {
[WebServer]   hasSupabaseEnv: false,

[WebServer]   supabaseIsNull: true,
[WebServer]   shouldLoadCatalogFromEmbeds: true,
[WebServer]   allowMockCatalog: true,
[WebServer]   options: {
[WebServer]     sortBy: 'newest',
[WebServer]     limit: undefined,
[WebServer]     page: undefined,
[WebServer]     categoryId: undefined,
[WebServer]     hasSearch: true,
[WebServer]     ingredientId: null,
[WebServer]     excludeComingSoon: true,
[WebServer]     excludeOutOfStock: true
[WebServer]   }
[WebServer] }
[1A[2K[WebServer] [Mystique][getProducts][DEBUG] embed/mock catalog path { supabaseQueryRan: false, 
rowCountAfterMockFilter: 1 }

[1A[2K[WebServer] [Mystique][getProducts][DEBUG] entry {
[WebServer]   hasSupabaseEnv: false,
[WebServer]   supabaseIsNull: true,
[WebServer]   shouldLoadCatalogFromEmbeds: true,
[WebServer]   allowMockCatalog: true,
[WebServer]   options: {
[WebServer]     sortBy: 'featured',
[WebServer]     limit: 12,
[WebServer]     page: undefined,
[WebServer]     categoryId: undefined,
[WebServer]     hasSearch: false,
[WebServer]     ingredientId: null,
[WebServer]     excludeComingSoon: false,
[WebServer]     excludeOutOfStock: true
[WebServer]   }
[WebServer] }

[1A[2K[WebServer] [Mystique][getProducts][DEBUG] embed/mock catalog path { supabaseQueryRan: false, 
rowCountAfterMockFilter: 6 }

[1A[2K[WebServer] [Mystique][getProducts][DEBUG] entry {
[WebServer]   hasSupabaseEnv: false,
[WebServer]   supabaseIsNull: true,
[WebServer]   shouldLoadCatalogFromEmbeds: true,
[WebServer]   allowMockCatalog: true,
[WebServer]   options: {
[WebServer]     sortBy: 'featured',
[WebServer]     limit: 12,
[WebServer]     page: undefined,
[WebServer]     categoryId: undefined,
[WebServer]     hasSearch: false,
[WebServer]     ingredientId: null,
[WebServer]     excludeComingSoon: false,
[WebServer]     excludeOutOfStock: true
[WebServer]   }
[WebServer] }

[1A[2K[WebServer] [Mystique][getProducts][DEBUG] embed/mock catalog path { supabaseQueryRan: false, 
rowCountAfterMockFilter: 6 }

[1A[2K[27/59] [chromium] ΓÇ║ tests\catalog-and-discovery.spec.ts:29:7 ΓÇ║ catalog and discovery ΓÇ║ product details page renders a real product
[1A[2K[WebServer] [Mystique][getProducts][DEBUG] entry {
[WebServer]   hasSupabaseEnv: false,
[WebServer]   supabaseIsNull: true,
[WebServer]   shouldLoadCatalogFromEmbeds: true,
[WebServer]   allowMockCatalog: true,
[WebServer]   options: {
[WebServer]     sortBy: 'newest',
[WebServer]     limit: undefined,
[WebServer]     page: undefined,
[WebServer]     categoryId: undefined,
[WebServer]     hasSearch: false,
[WebServer]     ingredientId: null,
[WebServer]     excludeComingSoon: true,
[WebServer]     excludeOutOfStock: true
[WebServer]   }
[WebServer] }

[1A[2K[WebServer] [Mystique][getProducts][DEBUG] embed/mock catalog path { supabaseQueryRan: false, 
rowCountAfterMockFilter: 6 }

[1A[2K[WebServer] [Mystique][getProducts][DEBUG] entry {
[WebServer]   hasSupabaseEnv: false,
[WebServer]   supabaseIsNull: true,
[WebServer]   shouldLoadCatalogFromEmbeds: true,
[WebServer]   allowMockCatalog: true,
[WebServer]   options: {
[WebServer]     sortBy: 'newest',
[WebServer]     limit: undefined,
[WebServer]     page: undefined,
[WebServer]     categoryId: undefined,
[WebServer]     hasSearch: false,
[WebServer]     ingredientId: null,
[WebServer]     excludeComingSoon: true,
[WebServer]     excludeOutOfStock: true
[WebServer]   }
[WebServer] }

[1A[2K[WebServer] [Mystique][getProducts][DEBUG] embed/mock catalog path { supabaseQueryRan: false, 
rowCountAfterMockFilter: 6 }

[1A[2K[WebServer] [Mystique][getProducts][DEBUG] entry {
[WebServer]   hasSupabaseEnv: false,
[WebServer]   supabaseIsNull: true,
[WebServer]   shouldLoadCatalogFromEmbeds: true,
[WebServer]   allowMockCatalog: true,
[WebServer]   options: {
[WebServer]     sortBy: 'newest',
[WebServer]     limit: 64,
[WebServer]     page: undefined,
[WebServer]     categoryId: undefined,
[WebServer]     hasSearch: false,
[WebServer]     ingredientId: null,
[WebServer]     excludeComingSoon: true,
[WebServer]     excludeOutOfStock: true
[WebServer]   }
[WebServer] }


[1A[2K[WebServer] [Mystique][getProducts][DEBUG] embed/mock catalog path { supabaseQueryRan: false, 
rowCountAfterMockFilter: 6 }
[WebServer] [Mystique][getProducts][DEBUG] entry {
[WebServer]   hasSupabaseEnv: false,
[WebServer]   supabaseIsNull: true,
[WebServer]   shouldLoadCatalogFromEmbeds: true,
[WebServer]   allowMockCatalog: true,
[WebServer]   options: {
[WebServer]     sortBy: 'newest',
[WebServer]     limit: 48,
[WebServer]     page: undefined,
[WebServer]     categoryId: undefined,
[WebServer]     hasSearch: false,
[WebServer]     ingredientId: null,
[WebServer]     excludeComingSoon: true,
[WebServer]     excludeOutOfStock: true
[WebServer]   }
[WebServer] }
[WebServer] [Mystique][getProducts][DEBUG] embed/mock catalog path { supabaseQueryRan: false, rowCountAfterMockFilter: 
6 }
[1A[2K[28/59] [chromium] ΓÇ║ tests\catalog-and-discovery.spec.ts:43:7 ΓÇ║ catalog and discovery ΓÇ║ search page shows an empty state for an unknown term
[1A[2K[WebServer] [Mystique][getProducts][DEBUG] entry {
[WebServer]   hasSupabaseEnv: false,
[WebServer]   supabaseIsNull: true,
[WebServer]   shouldLoadCatalogFromEmbeds: true,
[WebServer]   allowMockCatalog: true,
[WebServer]   options: {
[WebServer]     sortBy: 'featured',
[WebServer]     limit: 12,
[WebServer]     page: undefined,
[WebServer]     categoryId: undefined,
[WebServer]     hasSearch: false,
[WebServer]     ingredientId: null,
[WebServer]     excludeComingSoon: false,
[WebServer]     excludeOutOfStock: true
[WebServer]   }
[WebServer] }
[1A[2K[WebServer] [Mystique][getProducts][DEBUG] embed/mock catalog path { supabaseQueryRan: false, 
rowCountAfterMockFilter: 6 }


[1A[2K[WebServer] [Mystique][getProducts][DEBUG] entry {
[WebServer]   hasSupabaseEnv: false,
[WebServer]   supabaseIsNull: true,

[WebServer]   shouldLoadCatalogFromEmbeds: true,
[WebServer]   allowMockCatalog: true,
[WebServer]   options: {
[WebServer]     sortBy: 'newest',
[WebServer]     limit: undefined,
[WebServer]     page: undefined,
[WebServer]     categoryId: undefined,
[WebServer]     hasSearch: false,
[WebServer]     ingredientId: null,
[WebServer]     excludeComingSoon: true,
[WebServer]     excludeOutOfStock: true
[WebServer]   }
[WebServer] }
[WebServer] [Mystique][getProducts][DEBUG] embed/mock catalog path { supabaseQueryRan: false, rowCountAfterMockFilter: 
6 }
[WebServer] [Mystique][getProducts][DEBUG] entry {
[WebServer]   hasSupabaseEnv: false,
[WebServer]   supabaseIsNull: true,
[WebServer]   shouldLoadCatalogFromEmbeds: true,
[WebServer]   allowMockCatalog: true,
[WebServer]   options: {
[WebServer]     sortBy: 'newest',
[WebServer]     limit: undefined,
[WebServer]     page: undefined,
[WebServer]     categoryId: undefined,
[WebServer]     hasSearch: false,
[WebServer]     ingredientId: null,
[WebServer]     excludeComingSoon: true,
[WebServer]     excludeOutOfStock: true
[WebServer]   }
[WebServer] }
[WebServer] [Mystique][getProducts][DEBUG] embed/mock catalog path { supabaseQueryRan: false, rowCountAfterMockFilter: 
6 }
[1A[2K[WebServer] [Mystique][getProducts][DEBUG] entry {

[WebServer]   hasSupabaseEnv: false,
[WebServer]   supabaseIsNull: true,
[WebServer]   shouldLoadCatalogFromEmbeds: true,
[WebServer]   allowMockCatalog: true,
[WebServer]   options: {
[WebServer]     sortBy: 'featured',
[WebServer]     limit: 200,
[WebServer]     page: undefined,
[WebServer]     categoryId: undefined,
[WebServer]     hasSearch: false,
[WebServer]     ingredientId: null,
[WebServer]     excludeComingSoon: true,
[WebServer]     excludeOutOfStock: true
[WebServer]   }
[WebServer] }
[WebServer] [Mystique][getProducts][DEBUG] embed/mock catalog path { supabaseQueryRan: false, rowCountAfterMockFilter: 
6 }
[1A[2K[WebServer] [Mystique][getProducts][DEBUG] entry {
[WebServer]   hasSupabaseEnv: false,
[WebServer]   supabaseIsNull: true,
[WebServer]   shouldLoadCatalogFromEmbeds: true,
[WebServer]   allowMockCatalog: true,
[WebServer]   options: {
[WebServer]     sortBy: 'featured',
[WebServer]     limit: 12,
[WebServer]     page: undefined,
[WebServer]     categoryId: undefined,
[WebServer]     hasSearch: false,
[WebServer]     ingredientId: null,
[WebServer]     excludeComingSoon: false,
[WebServer]     excludeOutOfStock: true
[WebServer]   }
[WebServer] }

[1A[2K[WebServer] [Mystique][getProducts][DEBUG] embed/mock catalog path { supabaseQueryRan: false, 
rowCountAfterMockFilter: 6 }

[1A[2K[29/59] [chromium] ΓÇ║ tests\content-and-support.spec.ts:9:7 ΓÇ║ content and support routes ΓÇ║ ingredients page renders the ingredient library
[1A[2K[WebServer] [Mystique][getProducts][DEBUG] entry {
[WebServer]   hasSupabaseEnv: false,
[WebServer]   supabaseIsNull: true,
[WebServer]   shouldLoadCatalogFromEmbeds: true,
[WebServer]   allowMockCatalog: true,
[WebServer]   options: {
[WebServer]     sortBy: 'newest',
[WebServer]     limit: undefined,
[WebServer]     page: undefined,
[WebServer]     categoryId: undefined,
[WebServer]     hasSearch: false,
[WebServer]     ingredientId: null,
[WebServer]     excludeComingSoon: true,
[WebServer]     excludeOutOfStock: true
[WebServer]   }
[WebServer] }
[1A[2K[WebServer] [Mystique][getProducts][DEBUG] embed/mock catalog path { supabaseQueryRan: false, 
rowCountAfterMockFilter: 6 }
[1A[2K[WebServer] [Mystique][getProducts][DEBUG] entry {
[WebServer]   hasSupabaseEnv: false,
[WebServer]   supabaseIsNull: true,
[WebServer]   shouldLoadCatalogFromEmbeds: true,
[WebServer]   allowMockCatalog: true,
[WebServer]   options: {
[WebServer]     sortBy: 'newest',
[WebServer]     limit: undefined,
[WebServer]     page: undefined,
[WebServer]     categoryId: undefined,
[WebServer]     hasSearch: false,
[WebServer]     ingredientId: null,
[WebServer]     excludeComingSoon: true,
[WebServer]     excludeOutOfStock: true
[WebServer]   }
[WebServer] }



[1A[2K[WebServer] [Mystique][getProducts][DEBUG] embed/mock catalog path { supabaseQueryRan: false, 
rowCountAfterMockFilter: 6 }

[1A[2K[30/59] [chromium] ΓÇ║ tests\content-and-support.spec.ts:17:7 ΓÇ║ content and support routes ΓÇ║ journal page exposes editorial entries
[1A[2K[WebServer] [Mystique][getProducts][DEBUG] entry {
[WebServer]   hasSupabaseEnv: false,
[WebServer]   supabaseIsNull: true,
[WebServer]   shouldLoadCatalogFromEmbeds: true,
[WebServer]   allowMockCatalog: true,
[WebServer]   options: {
[WebServer]     sortBy: 'featured',
[WebServer]     limit: 12,
[WebServer]     page: undefined,
[WebServer]     categoryId: undefined,
[WebServer]     hasSearch: false,
[WebServer]     ingredientId: null,
[WebServer]     excludeComingSoon: false,
[WebServer]     excludeOutOfStock: true
[WebServer]   }
[WebServer] }

[1A[2K[WebServer] [Mystique][getProducts][DEBUG] embed/mock catalog path { supabaseQueryRan: false, 
rowCountAfterMockFilter: 6 }

[1A[2K[WebServer] [Mystique][getProducts][DEBUG] entry {

[WebServer]   hasSupabaseEnv: false,
[WebServer]   supabaseIsNull: true,
[WebServer]   shouldLoadCatalogFromEmbeds: true,
[WebServer]   allowMockCatalog: true,
[WebServer]   options: {
[WebServer]     sortBy: 'newest',
[WebServer]     limit: undefined,
[WebServer]     page: undefined,
[WebServer]     categoryId: undefined,
[WebServer]     hasSearch: false,
[WebServer]     ingredientId: null,
[WebServer]     excludeComingSoon: true,
[WebServer]     excludeOutOfStock: true
[WebServer]   }
[WebServer] }
[1A[2K[WebServer] [Mystique][getProducts][DEBUG] embed/mock catalog path { supabaseQueryRan: false, 
rowCountAfterMockFilter: 6 }

[1A[2K[WebServer] [Mystique][getProducts][DEBUG] entry {
[WebServer]   hasSupabaseEnv: false,
[WebServer]   supabaseIsNull: true,
[WebServer]   shouldLoadCatalogFromEmbeds: true,
[WebServer]   allowMockCatalog: true,
[WebServer]   options: {
[WebServer]     sortBy: 'newest',
[WebServer]     limit: undefined,
[WebServer]     page: undefined,
[WebServer]     categoryId: undefined,
[WebServer]     hasSearch: false,
[WebServer]     ingredientId: null,
[WebServer]     excludeComingSoon: true,
[WebServer]     excludeOutOfStock: true
[WebServer]   }
[WebServer] }

[1A[2K[WebServer] [Mystique][getProducts][DEBUG] embed/mock catalog path { supabaseQueryRan: false, 
rowCountAfterMockFilter: 6 }

[1A[2K[31/59] [chromium] ΓÇ║ tests\content-and-support.spec.ts:27:7 ΓÇ║ content and support routes ΓÇ║ faq page expands answers for shoppers
[1A[2K[32/59] [chromium] ΓÇ║ tests\content-and-support.spec.ts:35:7 ΓÇ║ content and support routes ΓÇ║ contact page shows support information
[1A[2K[WebServer] [Mystique][getProducts][DEBUG] entry {
[WebServer]   hasSupabaseEnv: false,
[WebServer]   supabaseIsNull: true,
[WebServer]   shouldLoadCatalogFromEmbeds: true,
[WebServer]   allowMockCatalog: true,
[WebServer]   options: {
[WebServer]     sortBy: 'featured',
[WebServer]     limit: 12,
[WebServer]     page: undefined,
[WebServer]     categoryId: undefined,
[WebServer]     hasSearch: false,
[WebServer]     ingredientId: null,
[WebServer]     excludeComingSoon: false,
[WebServer]     excludeOutOfStock: true
[WebServer]   }
[WebServer] }

[1A[2K[WebServer] [Mystique][getProducts][DEBUG] embed/mock catalog path { supabaseQueryRan: false, 
rowCountAfterMockFilter: 6 }

[1A[2K[WebServer] [Mystique][getProducts][DEBUG] entry {
[WebServer]   hasSupabaseEnv: false,
[WebServer]   supabaseIsNull: true,
[WebServer]   shouldLoadCatalogFromEmbeds: true,
[WebServer]   allowMockCatalog: true,
[WebServer]   options: {
[WebServer]     sortBy: 'newest',
[WebServer]     limit: undefined,
[WebServer]     page: undefined,
[WebServer]     categoryId: undefined,
[WebServer]     hasSearch: false,
[WebServer]     ingredientId: null,
[WebServer]     excludeComingSoon: true,
[WebServer]     excludeOutOfStock: true
[WebServer]   }
[WebServer] }

[1A[2K[WebServer] [Mystique][getProducts][DEBUG] embed/mock catalog path { supabaseQueryRan: false, 
rowCountAfterMockFilter: 6 }

[1A[2K[WebServer] [Mystique][getProducts][DEBUG] entry {
[WebServer]   hasSupabaseEnv: false,
[WebServer]   supabaseIsNull: true,
[WebServer]   shouldLoadCatalogFromEmbeds: true,
[WebServer]   allowMockCatalog: true,
[WebServer]   options: {
[WebServer]     sortBy: 'newest',
[WebServer]     limit: undefined,
[WebServer]     page: undefined,
[WebServer]     categoryId: undefined,
[WebServer]     hasSearch: false,
[WebServer]     ingredientId: null,
[WebServer]     excludeComingSoon: true,
[WebServer]     excludeOutOfStock: true
[WebServer]   }
[WebServer] }

[1A[2K[WebServer] [Mystique][getProducts][DEBUG] embed/mock catalog path { supabaseQueryRan: false, 
rowCountAfterMockFilter: 6 }

[1A[2K[WebServer] [Mystique][getProducts][DEBUG] entry {
[WebServer]   hasSupabaseEnv: false,
[WebServer]   supabaseIsNull: true,
[WebServer]   shouldLoadCatalogFromEmbeds: true,
[WebServer]   allowMockCatalog: true,
[WebServer]   options: {

[WebServer]     sortBy: 'featured',
[WebServer]     limit: 12,
[WebServer]     page: undefined,
[WebServer]     categoryId: undefined,
[WebServer]     hasSearch: false,
[WebServer]     ingredientId: null,
[WebServer]     excludeComingSoon: false,
[WebServer]     excludeOutOfStock: true
[WebServer]   }
[WebServer] }
[1A[2K[WebServer] [Mystique][getProducts][DEBUG] embed/mock catalog path { supabaseQueryRan: false, 
rowCountAfterMockFilter: 6 }

[1A[2K[33/59] [chromium] ΓÇ║ tests\content-and-support.spec.ts:43:7 ΓÇ║ content and support routes ΓÇ║ unknown product slugs show a not found storefront state
[1A[2K[WebServer] [Mystique][getProducts][DEBUG] entry {

[WebServer]   hasSupabaseEnv: false,
[WebServer]   supabaseIsNull: true,
[WebServer]   shouldLoadCatalogFromEmbeds: true,
[WebServer]   allowMockCatalog: true,
[WebServer]   options: {
[WebServer]     sortBy: 'newest',
[WebServer]     limit: undefined,
[WebServer]     page: undefined,
[WebServer]     categoryId: undefined,
[WebServer]     hasSearch: false,
[WebServer]     ingredientId: null,
[WebServer]     excludeComingSoon: true,
[WebServer]     excludeOutOfStock: true
[WebServer]   }
[WebServer] }
[WebServer] [Mystique][getProducts][DEBUG] embed/mock catalog path { supabaseQueryRan: false, rowCountAfterMockFilter: 
6 }
[1A[2K[WebServer] [Mystique][getProducts][DEBUG] entry {
[WebServer]   hasSupabaseEnv: false,
[WebServer]   supabaseIsNull: true,
[WebServer]   shouldLoadCatalogFromEmbeds: true,
[WebServer]   allowMockCatalog: true,
[WebServer]   options: {
[WebServer]     sortBy: 'newest',
[WebServer]     limit: undefined,
[WebServer]     page: undefined,
[WebServer]     categoryId: undefined,
[WebServer]     hasSearch: false,
[WebServer]     ingredientId: null,
[WebServer]     excludeComingSoon: true,
[WebServer]     excludeOutOfStock: true
[WebServer]   }
[WebServer] }
[WebServer] [Mystique][getProducts][DEBUG] embed/mock catalog path { supabaseQueryRan: false, rowCountAfterMockFilter: 
6 }

[1A[2K[34/59] [chromium] ΓÇ║ tests\image-fallback.spec.ts:30:7 ΓÇ║ image fallback ΓÇ║ PDP loads with a visible product image for celestial-glow-serum
[1A[2K[WebServer] [Mystique][getProducts][DEBUG] entry {
[WebServer]   hasSupabaseEnv: false,
[WebServer]   supabaseIsNull: true,
[WebServer]   shouldLoadCatalogFromEmbeds: true,
[WebServer]   allowMockCatalog: true,
[WebServer]   options: {
[WebServer]     sortBy: 'newest',
[WebServer]     limit: 64,
[WebServer]     page: undefined,
[WebServer]     categoryId: undefined,
[WebServer]     hasSearch: false,
[WebServer]     ingredientId: null,
[WebServer]     excludeComingSoon: true,
[WebServer]     excludeOutOfStock: true
[WebServer]   }
[WebServer] }

[1A[2K[WebServer] [Mystique][getProducts][DEBUG] embed/mock catalog path { supabaseQueryRan: false, 
rowCountAfterMockFilter: 6 }
[WebServer] [Mystique][getProducts][DEBUG] entry {
[WebServer]   hasSupabaseEnv: false,
[WebServer]   supabaseIsNull: true,
[WebServer]   shouldLoadCatalogFromEmbeds: true,
[WebServer]   allowMockCatalog: true,
[WebServer]   options: {
[WebServer]     sortBy: 'newest',
[WebServer]     limit: 48,
[WebServer]     page: undefined,
[WebServer]     categoryId: undefined,
[WebServer]     hasSearch: false,
[WebServer]     ingredientId: null,
[WebServer]     excludeComingSoon: true,
[WebServer]     excludeOutOfStock: true
[WebServer]   }
[WebServer] }
[WebServer] [Mystique][getProducts][DEBUG] embed/mock catalog path { supabaseQueryRan: false, rowCountAfterMockFilter: 
6 }

[1A[2K[WebServer] [Mystique][getProducts][DEBUG] entry {
[WebServer]   hasSupabaseEnv: false,
[WebServer]   supabaseIsNull: true,
[WebServer]   shouldLoadCatalogFromEmbeds: true,
[WebServer]   allowMockCatalog: true,
[WebServer]   options: {
[WebServer]     sortBy: 'featured',
[WebServer]     limit: 12,
[WebServer]     page: undefined,
[WebServer]     categoryId: undefined,
[WebServer]     hasSearch: false,
[WebServer]     ingredientId: null,
[WebServer]     excludeComingSoon: false,
[WebServer]     excludeOutOfStock: true
[WebServer]   }
[WebServer] }
[WebServer] [Mystique][getProducts][DEBUG] embed/mock catalog path { supabaseQueryRan: false, rowCountAfterMockFilter: 
6 }

[1A[2K[35/59] [chromium] ΓÇ║ tests\image-fallback.spec.ts:68:7 ΓÇ║ image fallback ΓÇ║ PDP shows a branded placeholder when the product image URL returns 404
[1A[2K[WebServer] [Mystique][getProducts][DEBUG] entry {
[WebServer]   hasSupabaseEnv: false,
[WebServer]   supabaseIsNull: true,
[WebServer]   shouldLoadCatalogFromEmbeds: true,
[WebServer]   allowMockCatalog: true,
[WebServer]   options: {
[WebServer]     sortBy: 'featured',
[WebServer]     limit: 12,
[WebServer]     page: undefined,
[WebServer]     categoryId: undefined,
[WebServer]     hasSearch: false,
[WebServer]     ingredientId: null,
[WebServer]     excludeComingSoon: false,
[WebServer]     excludeOutOfStock: true
[WebServer]   }
[WebServer] }

[1A[2K[WebServer] [Mystique][getProducts][DEBUG] embed/mock catalog path { supabaseQueryRan: false, 
rowCountAfterMockFilter: 6 }


[1A[2K[WebServer] [Mystique][getProducts][DEBUG] entry {
[WebServer]   hasSupabaseEnv: false,
[WebServer]   supabaseIsNull: true,
[WebServer]   shouldLoadCatalogFromEmbeds: true,
[WebServer]   allowMockCatalog: true,
[WebServer]   options: {
[WebServer]     sortBy: 'newest',
[WebServer]     limit: undefined,
[WebServer]     page: undefined,
[WebServer]     categoryId: undefined,
[WebServer]     hasSearch: false,
[WebServer]     ingredientId: null,
[WebServer]     excludeComingSoon: true,
[WebServer]     excludeOutOfStock: true
[WebServer]   }
[WebServer] }
[1A[2K[WebServer] [Mystique][getProducts][DEBUG] embed/mock catalog path { supabaseQueryRan: false, 
rowCountAfterMockFilter: 6 }


[1A[2K[WebServer] [Mystique][getProducts][DEBUG] entry {
[WebServer]   hasSupabaseEnv: false,
[WebServer]   supabaseIsNull: true,
[WebServer]   shouldLoadCatalogFromEmbeds: true,
[WebServer]   allowMockCatalog: true,
[WebServer]   options: {
[WebServer]     sortBy: 'newest',
[WebServer]     limit: undefined,
[WebServer]     page: undefined,
[WebServer]     categoryId: undefined,
[WebServer]     hasSearch: false,
[WebServer]     ingredientId: null,
[WebServer]     excludeComingSoon: true,
[WebServer]     excludeOutOfStock: true
[WebServer]   }
[WebServer] }
[1A[2K[WebServer] [Mystique][getProducts][DEBUG] embed/mock catalog path { supabaseQueryRan: false, 
rowCountAfterMockFilter: 6 }


[1A[2K[WebServer] [Mystique][getProducts][DEBUG] entry {
[WebServer]   hasSupabaseEnv: false,
[WebServer]   supabaseIsNull: true,
[WebServer]   shouldLoadCatalogFromEmbeds: true,
[WebServer]   allowMockCatalog: true,
[WebServer]   options: {
[WebServer]     sortBy: 'newest',
[WebServer]     limit: 64,
[WebServer]     page: undefined,
[WebServer]     categoryId: undefined,
[WebServer]     hasSearch: false,
[WebServer]     ingredientId: null,
[WebServer]     excludeComingSoon: true,
[WebServer]     excludeOutOfStock: true
[WebServer]   }
[WebServer] }
[WebServer] [Mystique][getProducts][DEBUG] embed/mock catalog path { supabaseQueryRan: false, rowCountAfterMockFilter: 
6 }
[1A[2K[WebServer] [Mystique][getProducts][DEBUG] entry {
[WebServer]   hasSupabaseEnv: false,
[WebServer]   supabaseIsNull: true,
[WebServer]   shouldLoadCatalogFromEmbeds: true,
[WebServer]   allowMockCatalog: true,
[WebServer]   options: {
[WebServer]     sortBy: 'newest',
[WebServer]     limit: 48,
[WebServer]     page: undefined,
[WebServer]     categoryId: undefined,
[WebServer]     hasSearch: false,
[WebServer]     ingredientId: null,
[WebServer]     excludeComingSoon: true,
[WebServer]     excludeOutOfStock: true
[WebServer]   }
[WebServer] }
[WebServer] [Mystique][getProducts][DEBUG] embed/mock catalog path { supabaseQueryRan: false, rowCountAfterMockFilter: 
6 }

[1A[2K[36/59] [chromium] ΓÇ║ tests\image-fallback.spec.ts:106:7 ΓÇ║ image fallback ΓÇ║ shop page has no images with missing src or alt attributes
[1A[2K[WebServer] [Mystique][getProducts][DEBUG] entry {
[WebServer]   hasSupabaseEnv: false,
[WebServer]   supabaseIsNull: true,
[WebServer]   shouldLoadCatalogFromEmbeds: true,
[WebServer]   allowMockCatalog: true,
[WebServer]   options: {
[WebServer]     sortBy: 'newest',
[WebServer]     limit: undefined,
[WebServer]     page: undefined,
[WebServer]     categoryId: undefined,
[WebServer]     hasSearch: false,
[WebServer]     ingredientId: null,
[WebServer]     excludeComingSoon: true,
[WebServer]     excludeOutOfStock: true
[WebServer]   }
[WebServer] }
[1A[2K[WebServer] [Mystique][getProducts][DEBUG] embed/mock catalog path { supabaseQueryRan: false, 
rowCountAfterMockFilter: 6 }


[1A[2K[WebServer] [Mystique][getProducts][DEBUG] entry {
[WebServer]   hasSupabaseEnv: false,
[WebServer]   supabaseIsNull: true,

[WebServer]   shouldLoadCatalogFromEmbeds: true,
[WebServer]   allowMockCatalog: true,
[WebServer]   options: {
[WebServer]     sortBy: 'newest',
[WebServer]     limit: undefined,
[WebServer]     page: undefined,
[WebServer]     categoryId: undefined,
[WebServer]     hasSearch: false,
[WebServer]     ingredientId: null,
[WebServer]     excludeComingSoon: true,
[WebServer]     excludeOutOfStock: true
[WebServer]   }
[WebServer] }
[1A[2K[WebServer] [Mystique][getProducts][DEBUG] embed/mock catalog path { supabaseQueryRan: false, 
rowCountAfterMockFilter: 6 }

[1A[2K[WebServer] [Mystique][getProducts][DEBUG] entry {
[WebServer]   hasSupabaseEnv: false,
[WebServer]   supabaseIsNull: true,
[WebServer]   shouldLoadCatalogFromEmbeds: true,
[WebServer]   allowMockCatalog: true,
[WebServer]   options: {
[WebServer]     sortBy: 'featured',
[WebServer]     limit: 12,
[WebServer]     page: undefined,
[WebServer]     categoryId: undefined,
[WebServer]     hasSearch: false,
[WebServer]     ingredientId: null,
[WebServer]     excludeComingSoon: false,
[WebServer]     excludeOutOfStock: true
[WebServer]   }
[WebServer] }
[WebServer] [Mystique][getProducts][DEBUG] embed/mock catalog path { supabaseQueryRan: false, rowCountAfterMockFilter: 
6 }

[1A[2K[WebServer] [Mystique][getProducts][DEBUG] entry {
[WebServer]   hasSupabaseEnv: false,
[WebServer]   supabaseIsNull: true,
[WebServer]   shouldLoadCatalogFromEmbeds: true,
[WebServer]   allowMockCatalog: true,
[WebServer]   options: {
[WebServer]     sortBy: 'featured',
[WebServer]     limit: 12,
[WebServer]     page: undefined,
[WebServer]     categoryId: undefined,
[WebServer]     hasSearch: false,
[WebServer]     ingredientId: null,
[WebServer]     excludeComingSoon: false,
[WebServer]     excludeOutOfStock: true
[WebServer]   }
[WebServer] }

[1A[2K[WebServer] [Mystique][getProducts][DEBUG] embed/mock catalog path { supabaseQueryRan: false, 
rowCountAfterMockFilter: 6 }

[1A[2K[37/59] [chromium] ΓÇ║ tests\image-fallback.spec.ts:132:7 ΓÇ║ image fallback ΓÇ║ cart thumbnail shows a fallback when the image URL is broken
[1A[2K[WebServer] [Mystique][getProducts][DEBUG] entry {
[WebServer]   hasSupabaseEnv: false,
[WebServer]   supabaseIsNull: true,
[WebServer]   shouldLoadCatalogFromEmbeds: true,
[WebServer]   allowMockCatalog: true,
[WebServer]   options: {
[WebServer]     sortBy: 'newest',
[WebServer]     limit: 64,
[WebServer]     page: undefined,
[WebServer]     categoryId: undefined,
[WebServer]     hasSearch: false,
[WebServer]     ingredientId: null,
[WebServer]     excludeComingSoon: true,
[WebServer]     excludeOutOfStock: true
[WebServer]   }
[WebServer] }
[WebServer] [Mystique][getProducts][DEBUG] embed/mock catalog path { supabaseQueryRan: false, rowCountAfterMockFilter: 
6 }

[1A[2K[WebServer] [Mystique][getProducts][DEBUG] entry {
[WebServer]   hasSupabaseEnv: false,
[WebServer]   supabaseIsNull: true,
[WebServer]   shouldLoadCatalogFromEmbeds: true,
[WebServer]   allowMockCatalog: true,
[WebServer]   options: {
[WebServer]     sortBy: 'newest',
[WebServer]     limit: 48,
[WebServer]     page: undefined,
[WebServer]     categoryId: undefined,
[WebServer]     hasSearch: false,
[WebServer]     ingredientId: null,
[WebServer]     excludeComingSoon: true,
[WebServer]     excludeOutOfStock: true
[WebServer]   }
[WebServer] }
[WebServer] [Mystique][getProducts][DEBUG] embed/mock catalog path { supabaseQueryRan: false, rowCountAfterMockFilter: 
6 }

[1A[2K[38/59] [chromium] ΓÇ║ tests\integrations-health.spec.ts:4:7 ΓÇ║ /api/health/integrations ΓÇ║ returns JSON with probes, readiness, newsletter, and missing-env hints
[1A[2K[39/59] [chromium] ΓÇ║ tests\mobile-nav.spec.ts:29:9 ΓÇ║ mobile nav ΓÇö iPhone SE (375px) ΓÇ║ hamburger button is visible and labelled
[1A[2K[WebServer] [Mystique][getProducts][DEBUG] entry {
[WebServer]   hasSupabaseEnv: false,
[WebServer]   supabaseIsNull: true,
[WebServer]   shouldLoadCatalogFromEmbeds: true,
[WebServer]   allowMockCatalog: true,
[WebServer]   options: {
[WebServer]     sortBy: 'featured',
[WebServer]     limit: 12,
[WebServer]     page: undefined,
[WebServer]     categoryId: undefined,
[WebServer]     hasSearch: false,
[WebServer]     ingredientId: null,
[WebServer]     excludeComingSoon: false,
[WebServer]     excludeOutOfStock: true
[WebServer]   }
[WebServer] }

[1A[2K[WebServer] [Mystique][getProducts][DEBUG] embed/mock catalog path { supabaseQueryRan: false, 
rowCountAfterMockFilter: 6 }

[1A[2K[40/59] [chromium] ΓÇ║ tests\mobile-nav.spec.ts:40:9 ΓÇ║ mobile nav ΓÇö iPhone SE (375px) ΓÇ║ hamburger opens the mobile nav drawer
[1A[2K[WebServer] Γ¿» The requested resource isn't a valid image for /about/hero.jpg received null

[1A[2K[WebServer] [Mystique][getProducts][DEBUG] entry {
[WebServer]   hasSupabaseEnv: false,
[WebServer]   supabaseIsNull: true,
[WebServer]   shouldLoadCatalogFromEmbeds: true,
[WebServer]   allowMockCatalog: true,
[WebServer]   options: {
[WebServer]     sortBy: 'featured',
[WebServer]     limit: 12,
[WebServer]     page: undefined,
[WebServer]     categoryId: undefined,
[WebServer]     hasSearch: false,
[WebServer]     ingredientId: null,
[WebServer]     excludeComingSoon: false,
[WebServer]     excludeOutOfStock: true
[WebServer]   }
[WebServer] }
[1A[2K[WebServer] [Mystique][getProducts][DEBUG] embed/mock catalog path { supabaseQueryRan: false, 
rowCountAfterMockFilter: 6 }



[1A[2K[WebServer] Γ¿» The requested resource isn't a valid image for /about/hero.jpg received null
[1A[2K[41/59] [chromium] ΓÇ║ tests\mobile-nav.spec.ts:53:9 ΓÇ║ mobile nav ΓÇö iPhone SE (375px) ΓÇ║ all primary nav links are reachable after opening the drawer
[1A[2K[WebServer] [Mystique][getProducts][DEBUG] entry {
[WebServer]   hasSupabaseEnv: false,
[WebServer]   supabaseIsNull: true,
[WebServer]   shouldLoadCatalogFromEmbeds: true,
[WebServer]   allowMockCatalog: true,
[WebServer]   options: {
[WebServer]     sortBy: 'featured',
[WebServer]     limit: 12,
[WebServer]     page: undefined,
[WebServer]     categoryId: undefined,
[WebServer]     hasSearch: false,
[WebServer]     ingredientId: null,
[WebServer]     excludeComingSoon: false,
[WebServer]     excludeOutOfStock: true
[WebServer]   }
[WebServer] }
[WebServer] [Mystique][getProducts][DEBUG] embed/mock catalog path { supabaseQueryRan: false, rowCountAfterMockFilter: 
6 }

[1A[2K[42/59] [chromium] ΓÇ║ tests\mobile-nav.spec.ts:71:9 ΓÇ║ mobile nav ΓÇö iPhone SE (375px) ΓÇ║ mobile nav has a close button that dismisses the drawer

[1A[2K[WebServer] Γ¿» The requested resource isn't a valid image for /about/hero.jpg received null
[1A[2K[WebServer] [Mystique][getProducts][DEBUG] entry {
[WebServer]   hasSupabaseEnv: false,
[WebServer]   supabaseIsNull: true,
[WebServer]   shouldLoadCatalogFromEmbeds: true,
[WebServer]   allowMockCatalog: true,
[WebServer]   options: {
[WebServer]     sortBy: 'featured',
[WebServer]     limit: 12,
[WebServer]     page: undefined,
[WebServer]     categoryId: undefined,
[WebServer]     hasSearch: false,
[WebServer]     ingredientId: null,
[WebServer]     excludeComingSoon: false,
[WebServer]     excludeOutOfStock: true
[WebServer]   }
[WebServer] }
[WebServer] [Mystique][getProducts][DEBUG] embed/mock catalog path { supabaseQueryRan: false, rowCountAfterMockFilter: 
6 }

[1A[2K[WebServer] Γ¿» The requested resource isn't a valid image for /about/hero.jpg received null

[1A[2K[WebServer] [Mystique][getProducts][DEBUG] entry {
[WebServer]   hasSupabaseEnv: false,
[WebServer]   supabaseIsNull: true,
[WebServer]   shouldLoadCatalogFromEmbeds: true,
[WebServer]   allowMockCatalog: true,
[WebServer]   options: {
[WebServer]     sortBy: 'newest',
[WebServer]     limit: undefined,

[WebServer]     page: undefined,
[WebServer]     categoryId: undefined,
[WebServer]     hasSearch: false,
[WebServer]     ingredientId: null,
[WebServer]     excludeComingSoon: true,
[WebServer]     excludeOutOfStock: true
[WebServer]   }
[WebServer] }
[WebServer] [Mystique][getProducts][DEBUG] embed/mock catalog path { supabaseQueryRan: false, rowCountAfterMockFilter: 
6 }
[1A[2K[WebServer] [Mystique][getProducts][DEBUG] entry {

[WebServer]   hasSupabaseEnv: false,
[WebServer]   supabaseIsNull: true,
[WebServer]   shouldLoadCatalogFromEmbeds: true,
[WebServer]   allowMockCatalog: true,
[WebServer]   options: {
[WebServer]     sortBy: 'newest',
[WebServer]     limit: undefined,
[WebServer]     page: undefined,
[WebServer]     categoryId: undefined,
[WebServer]     hasSearch: false,
[WebServer]     ingredientId: null,
[WebServer]     excludeComingSoon: true,
[WebServer]     excludeOutOfStock: true
[WebServer]   }
[WebServer] }
[1A[2K[WebServer] [Mystique][getProducts][DEBUG] embed/mock catalog path { supabaseQueryRan: false, 
rowCountAfterMockFilter: 6 }

[1A[2K[43/59] [chromium] ΓÇ║ tests\mobile-nav.spec.ts:90:9 ΓÇ║ mobile nav ΓÇö iPhone SE (375px) ΓÇ║ Escape key closes the mobile nav drawer
[1A[2K[WebServer] [Mystique][getProducts][DEBUG] entry {
[WebServer]   hasSupabaseEnv: false,
[WebServer]   supabaseIsNull: true,
[WebServer]   shouldLoadCatalogFromEmbeds: true,
[WebServer]   allowMockCatalog: true,
[WebServer]   options: {
[WebServer]     sortBy: 'featured',
[WebServer]     limit: 12,
[WebServer]     page: undefined,
[WebServer]     categoryId: undefined,
[WebServer]     hasSearch: false,
[WebServer]     ingredientId: null,
[WebServer]     excludeComingSoon: false,
[WebServer]     excludeOutOfStock: true
[WebServer]   }
[WebServer] }

[1A[2K[WebServer] [Mystique][getProducts][DEBUG] embed/mock catalog path { supabaseQueryRan: false, 
rowCountAfterMockFilter: 6 }


[1A[2K[WebServer] Γ¿» The requested resource isn't a valid image for /about/hero.jpg received null
[1A[2K[44/59] [chromium] ΓÇ║ tests\mobile-nav.spec.ts:105:9 ΓÇ║ mobile nav ΓÇö iPhone SE (375px) ΓÇ║ clicking a nav link navigates and closes the drawer

[1A[2K[WebServer] [Mystique][getProducts][DEBUG] entry {
[WebServer]   hasSupabaseEnv: false,
[WebServer]   supabaseIsNull: true,
[WebServer]   shouldLoadCatalogFromEmbeds: true,
[WebServer]   allowMockCatalog: true,
[WebServer]   options: {
[WebServer]     sortBy: 'featured',
[WebServer]     limit: 12,
[WebServer]     page: undefined,
[WebServer]     categoryId: undefined,
[WebServer]     hasSearch: false,
[WebServer]     ingredientId: null,
[WebServer]     excludeComingSoon: false,
[WebServer]     excludeOutOfStock: true
[WebServer]   }
[WebServer] }
[1A[2K[WebServer] [Mystique][getProducts][DEBUG] embed/mock catalog path { supabaseQueryRan: false, 
rowCountAfterMockFilter: 6 }


[1A[2K[WebServer] Γ¿» The requested resource isn't a valid image for /about/hero.jpg received null
[1A[2K[WebServer] [Mystique][getProducts][DEBUG] entry {
[WebServer]   hasSupabaseEnv: false,
[WebServer]   supabaseIsNull: true,
[WebServer]   shouldLoadCatalogFromEmbeds: true,
[WebServer]   allowMockCatalog: true,
[WebServer]   options: {
[WebServer]     sortBy: 'newest',
[WebServer]     limit: undefined,
[WebServer]     page: undefined,
[WebServer]     categoryId: undefined,
[WebServer]     hasSearch: false,
[WebServer]     ingredientId: null,
[WebServer]     excludeComingSoon: true,
[WebServer]     excludeOutOfStock: true
[WebServer]   }
[WebServer] }

[1A[2K[WebServer] [Mystique][getProducts][DEBUG] embed/mock catalog path { supabaseQueryRan: false, 
rowCountAfterMockFilter: 6 }

[1A[2K[WebServer] [Mystique][getProducts][DEBUG] entry {
[WebServer]   hasSupabaseEnv: false,
[WebServer]   supabaseIsNull: true,
[WebServer]   shouldLoadCatalogFromEmbeds: true,
[WebServer]   allowMockCatalog: true,
[WebServer]   options: {

[WebServer]     sortBy: 'newest',
[WebServer]     limit: undefined,
[WebServer]     page: undefined,
[WebServer]     categoryId: undefined,
[WebServer]     hasSearch: false,
[WebServer]     ingredientId: null,
[WebServer]     excludeComingSoon: true,
[WebServer]     excludeOutOfStock: true
[WebServer]   }
[WebServer] }
[1A[2K[WebServer] [Mystique][getProducts][DEBUG] embed/mock catalog path { supabaseQueryRan: false, 
rowCountAfterMockFilter: 6 }

[1A[2K[WebServer] [Mystique][getProducts][DEBUG] entry {
[WebServer]   hasSupabaseEnv: false,
[WebServer]   supabaseIsNull: true,
[WebServer]   shouldLoadCatalogFromEmbeds: true,
[WebServer]   allowMockCatalog: true,
[WebServer]   options: {
[WebServer]     sortBy: 'newest',
[WebServer]     limit: undefined,
[WebServer]     page: undefined,
[WebServer]     categoryId: undefined,
[WebServer]     hasSearch: false,
[WebServer]     ingredientId: null,
[WebServer]     excludeComingSoon: true,
[WebServer]     excludeOutOfStock: true
[WebServer]   }
[WebServer] }

[1A[2K[WebServer] [Mystique][getProducts][DEBUG] embed/mock catalog path { supabaseQueryRan: false, 
rowCountAfterMockFilter: 6 }

[1A[2K[WebServer] [Mystique][getProducts][DEBUG] entry {
[WebServer]   hasSupabaseEnv: false,
[WebServer]   supabaseIsNull: true,
[WebServer]   shouldLoadCatalogFromEmbeds: true,
[WebServer]   allowMockCatalog: true,
[WebServer]   options: {
[WebServer]     sortBy: 'newest',
[WebServer]     limit: undefined,
[WebServer]     page: undefined,
[WebServer]     categoryId: undefined,
[WebServer]     hasSearch: false,
[WebServer]     ingredientId: null,
[WebServer]     excludeComingSoon: true,
[WebServer]     excludeOutOfStock: true
[WebServer]   }
[WebServer] }


[1A[2K[WebServer] [Mystique][getProducts][DEBUG] embed/mock catalog path { supabaseQueryRan: false, 
rowCountAfterMockFilter: 6 }

[1A[2K[WebServer] [Mystique][getProducts][DEBUG] entry {
[WebServer]   hasSupabaseEnv: false,
[WebServer]   supabaseIsNull: true,
[WebServer]   shouldLoadCatalogFromEmbeds: true,
[WebServer]   allowMockCatalog: true,
[WebServer]   options: {
[WebServer]     sortBy: 'newest',
[WebServer]     limit: undefined,
[WebServer]     page: undefined,
[WebServer]     categoryId: undefined,
[WebServer]     hasSearch: false,
[WebServer]     ingredientId: null,
[WebServer]     excludeComingSoon: true,
[WebServer]     excludeOutOfStock: true
[WebServer]   }
[WebServer] }
[1A[2K[WebServer] [Mystique][getProducts][DEBUG] embed/mock catalog path { supabaseQueryRan: false, 
rowCountAfterMockFilter: 6 }


[1A[2K[WebServer] [Mystique][getProducts][DEBUG] entry {
[WebServer]   hasSupabaseEnv: false,
[WebServer]   supabaseIsNull: true,
[WebServer]   shouldLoadCatalogFromEmbeds: true,
[WebServer]   allowMockCatalog: true,
[WebServer]   options: {
[WebServer]     sortBy: 'newest',
[WebServer]     limit: undefined,
[WebServer]     page: undefined,
[WebServer]     categoryId: undefined,
[WebServer]     hasSearch: false,
[WebServer]     ingredientId: null,
[WebServer]     excludeComingSoon: true,
[WebServer]     excludeOutOfStock: true
[WebServer]   }
[WebServer] }
[1A[2K[WebServer] [Mystique][getProducts][DEBUG] embed/mock catalog path { supabaseQueryRan: false, 
rowCountAfterMockFilter: 6 }

[1A[2K[45/59] [chromium] ΓÇ║ tests\mobile-nav.spec.ts:124:9 ΓÇ║ mobile nav ΓÇö iPhone SE (375px) ΓÇ║ hamburger button meets 44├ù44px minimum touch target
[1A[2K[WebServer] [Mystique][getProducts][DEBUG] entry {
[WebServer]   hasSupabaseEnv: false,
[WebServer]   supabaseIsNull: true,
[WebServer]   shouldLoadCatalogFromEmbeds: true,
[WebServer]   allowMockCatalog: true,
[WebServer]   options: {
[WebServer]     sortBy: 'featured',
[WebServer]     limit: 12,
[WebServer]     page: undefined,
[WebServer]     categoryId: undefined,
[WebServer]     hasSearch: false,
[WebServer]     ingredientId: null,
[WebServer]     excludeComingSoon: false,
[WebServer]     excludeOutOfStock: true
[WebServer]   }
[WebServer] }

[1A[2K[WebServer] [Mystique][getProducts][DEBUG] embed/mock catalog path { supabaseQueryRan: false, 
rowCountAfterMockFilter: 6 }

[1A[2K[WebServer] Γ¿» The requested resource isn't a valid image for /about/hero.jpg received null

[1A[2K[46/59] [chromium] ΓÇ║ tests\mobile-nav.spec.ts:29:9 ΓÇ║ mobile nav ΓÇö iPhone 14 (390px) ΓÇ║ hamburger button is visible and labelled
[1A[2K[WebServer] [Mystique][getProducts][DEBUG] entry {
[WebServer]   hasSupabaseEnv: false,
[WebServer]   supabaseIsNull: true,
[WebServer]   shouldLoadCatalogFromEmbeds: true,
[WebServer]   allowMockCatalog: true,
[WebServer]   options: {
[WebServer]     sortBy: 'featured',
[WebServer]     limit: 12,
[WebServer]     page: undefined,
[WebServer]     categoryId: undefined,
[WebServer]     hasSearch: false,
[WebServer]     ingredientId: null,
[WebServer]     excludeComingSoon: false,
[WebServer]     excludeOutOfStock: true
[WebServer]   }
[WebServer] }

[1A[2K[WebServer] [Mystique][getProducts][DEBUG] embed/mock catalog path { supabaseQueryRan: false, 
rowCountAfterMockFilter: 6 }

[1A[2K[WebServer] Γ¿» The requested resource isn't a valid image for /about/hero.jpg received null

[1A[2K[47/59] [chromium] ΓÇ║ tests\mobile-nav.spec.ts:40:9 ΓÇ║ mobile nav ΓÇö iPhone 14 (390px) ΓÇ║ hamburger opens the mobile nav drawer
[1A[2K[WebServer] [Mystique][getProducts][DEBUG] entry {
[WebServer]   hasSupabaseEnv: false,
[WebServer]   supabaseIsNull: true,
[WebServer]   shouldLoadCatalogFromEmbeds: true,
[WebServer]   allowMockCatalog: true,
[WebServer]   options: {
[WebServer]     sortBy: 'featured',
[WebServer]     limit: 12,
[WebServer]     page: undefined,
[WebServer]     categoryId: undefined,
[WebServer]     hasSearch: false,
[WebServer]     ingredientId: null,
[WebServer]     excludeComingSoon: false,
[WebServer]     excludeOutOfStock: true
[WebServer]   }
[WebServer] }

[1A[2K[WebServer] [Mystique][getProducts][DEBUG] embed/mock catalog path { supabaseQueryRan: false, 
rowCountAfterMockFilter: 6 }


[1A[2K[WebServer] Γ¿» The requested resource isn't a valid image for /about/hero.jpg received null
[1A[2K[48/59] [chromium] ΓÇ║ tests\mobile-nav.spec.ts:53:9 ΓÇ║ mobile nav ΓÇö iPhone 14 (390px) ΓÇ║ all primary nav links are reachable after opening the drawer
[1A[2K[WebServer] [Mystique][getProducts][DEBUG] entry {
[WebServer]   hasSupabaseEnv: false,
[WebServer]   supabaseIsNull: true,
[WebServer]   shouldLoadCatalogFromEmbeds: true,
[WebServer]   allowMockCatalog: true,
[WebServer]   options: {
[WebServer]     sortBy: 'featured',
[WebServer]     limit: 12,
[WebServer]     page: undefined,
[WebServer]     categoryId: undefined,
[WebServer]     hasSearch: false,
[WebServer]     ingredientId: null,
[WebServer]     excludeComingSoon: false,
[WebServer]     excludeOutOfStock: true
[WebServer]   }
[WebServer] }
[WebServer] [Mystique][getProducts][DEBUG] embed/mock catalog path { supabaseQueryRan: false, rowCountAfterMockFilter: 
6 }

[1A[2K[WebServer] Γ¿» The requested resource isn't a valid image for /about/hero.jpg received null

[1A[2K[WebServer] [Mystique][getProducts][DEBUG] entry {
[WebServer]   hasSupabaseEnv: false,
[WebServer]   supabaseIsNull: true,
[WebServer]   shouldLoadCatalogFromEmbeds: true,
[WebServer]   allowMockCatalog: true,
[WebServer]   options: {
[WebServer]     sortBy: 'newest',
[WebServer]     limit: undefined,
[WebServer]     page: undefined,
[WebServer]     categoryId: undefined,
[WebServer]     hasSearch: false,
[WebServer]     ingredientId: null,
[WebServer]     excludeComingSoon: true,
[WebServer]     excludeOutOfStock: true
[WebServer]   }
[WebServer] }


[1A[2K[WebServer] [Mystique][getProducts][DEBUG] embed/mock catalog path { supabaseQueryRan: false, 
rowCountAfterMockFilter: 6 }
[1A[2K[WebServer] [Mystique][getProducts][DEBUG] entry {
[WebServer]   hasSupabaseEnv: false,
[WebServer]   supabaseIsNull: true,
[WebServer]   shouldLoadCatalogFromEmbeds: true,
[WebServer]   allowMockCatalog: true,
[WebServer]   options: {
[WebServer]     sortBy: 'newest',
[WebServer]     limit: undefined,
[WebServer]     page: undefined,
[WebServer]     categoryId: undefined,
[WebServer]     hasSearch: false,
[WebServer]     ingredientId: null,
[WebServer]     excludeComingSoon: true,
[WebServer]     excludeOutOfStock: true
[WebServer]   }
[WebServer] }
[WebServer] [Mystique][getProducts][DEBUG] embed/mock catalog path { supabaseQueryRan: false, rowCountAfterMockFilter: 
6 }

[1A[2K[49/59] [chromium] ΓÇ║ tests\mobile-nav.spec.ts:71:9 ΓÇ║ mobile nav ΓÇö iPhone 14 (390px) ΓÇ║ mobile nav has a close button that dismisses the drawer
[1A[2K[WebServer] [Mystique][getProducts][DEBUG] entry {
[WebServer]   hasSupabaseEnv: false,
[WebServer]   supabaseIsNull: true,
[WebServer]   shouldLoadCatalogFromEmbeds: true,
[WebServer]   allowMockCatalog: true,
[WebServer]   options: {
[WebServer]     sortBy: 'featured',
[WebServer]     limit: 12,
[WebServer]     page: undefined,
[WebServer]     categoryId: undefined,
[WebServer]     hasSearch: false,
[WebServer]     ingredientId: null,
[WebServer]     excludeComingSoon: false,
[WebServer]     excludeOutOfStock: true
[WebServer]   }
[WebServer] }

[1A[2K[WebServer] [Mystique][getProducts][DEBUG] embed/mock catalog path { supabaseQueryRan: false, 
rowCountAfterMockFilter: 6 }

[1A[2K[WebServer] Γ¿» The requested resource isn't a valid image for /about/hero.jpg received null


[1A[2K[WebServer] [Mystique][getProducts][DEBUG] entry {
[WebServer]   hasSupabaseEnv: false,
[WebServer]   supabaseIsNull: true,
[WebServer]   shouldLoadCatalogFromEmbeds: true,
[WebServer]   allowMockCatalog: true,
[WebServer]   options: {
[WebServer]     sortBy: 'newest',
[WebServer]     limit: undefined,
[WebServer]     page: undefined,
[WebServer]     categoryId: undefined,
[WebServer]     hasSearch: false,
[WebServer]     ingredientId: null,
[WebServer]     excludeComingSoon: true,
[WebServer]     excludeOutOfStock: true
[WebServer]   }
[WebServer] }
[1A[2K[WebServer] [Mystique][getProducts][DEBUG] embed/mock catalog path { supabaseQueryRan: false, 
rowCountAfterMockFilter: 6 }

[1A[2K[WebServer] [Mystique][getProducts][DEBUG] entry {
[WebServer]   hasSupabaseEnv: false,
[WebServer]   supabaseIsNull: true,
[WebServer]   shouldLoadCatalogFromEmbeds: true,
[WebServer]   allowMockCatalog: true,
[WebServer]   options: {
[WebServer]     sortBy: 'newest',
[WebServer]     limit: undefined,
[WebServer]     page: undefined,
[WebServer]     categoryId: undefined,
[WebServer]     hasSearch: false,
[WebServer]     ingredientId: null,
[WebServer]     excludeComingSoon: true,
[WebServer]     excludeOutOfStock: true
[WebServer]   }
[WebServer] }
[WebServer] [Mystique][getProducts][DEBUG] embed/mock catalog path { supabaseQueryRan: false, rowCountAfterMockFilter: 
6 }

[1A[2K[50/59] [chromium] ΓÇ║ tests\mobile-nav.spec.ts:90:9 ΓÇ║ mobile nav ΓÇö iPhone 14 (390px) ΓÇ║ Escape key closes the mobile nav drawer
[1A[2K[WebServer] [Mystique][getProducts][DEBUG] entry {
[WebServer]   hasSupabaseEnv: false,
[WebServer]   supabaseIsNull: true,
[WebServer]   shouldLoadCatalogFromEmbeds: true,
[WebServer]   allowMockCatalog: true,
[WebServer]   options: {
[WebServer]     sortBy: 'newest',
[WebServer]     limit: undefined,
[WebServer]     page: undefined,
[WebServer]     categoryId: undefined,
[WebServer]     hasSearch: false,
[WebServer]     ingredientId: null,
[WebServer]     excludeComingSoon: true,
[WebServer]     excludeOutOfStock: true
[WebServer]   }
[WebServer] }
[1A[2K[WebServer] [Mystique][getProducts][DEBUG] embed/mock catalog path { supabaseQueryRan: false, 
rowCountAfterMockFilter: 6 }



[1A[2K[WebServer] [Mystique][getProducts][DEBUG] entry {
[WebServer]   hasSupabaseEnv: false,
[WebServer]   supabaseIsNull: true,
[WebServer]   shouldLoadCatalogFromEmbeds: true,
[WebServer]   allowMockCatalog: true,
[WebServer]   options: {
[WebServer]     sortBy: 'newest',
[WebServer]     limit: undefined,
[WebServer]     page: undefined,
[WebServer]     categoryId: undefined,
[WebServer]     hasSearch: false,
[WebServer]     ingredientId: null,
[WebServer]     excludeComingSoon: true,
[WebServer]     excludeOutOfStock: true
[WebServer]   }
[WebServer] }
[1A[2K[WebServer] [Mystique][getProducts][DEBUG] embed/mock catalog path { supabaseQueryRan: false, 
rowCountAfterMockFilter: 6 }

[1A[2K[WebServer] [Mystique][getProducts][DEBUG] entry {
[WebServer]   hasSupabaseEnv: false,
[WebServer]   supabaseIsNull: true,
[WebServer]   shouldLoadCatalogFromEmbeds: true,
[WebServer]   allowMockCatalog: true,
[WebServer]   options: {
[WebServer]     sortBy: 'featured',
[WebServer]     limit: 12,
[WebServer]     page: undefined,
[WebServer]     categoryId: undefined,
[WebServer]     hasSearch: false,
[WebServer]     ingredientId: null,
[WebServer]     excludeComingSoon: false,
[WebServer]     excludeOutOfStock: true
[WebServer]   }
[WebServer] }


[1A[2K[WebServer] [Mystique][getProducts][DEBUG] embed/mock catalog path { supabaseQueryRan: false, 
rowCountAfterMockFilter: 6 }
[1A[2K[WebServer] Γ¿» The requested resource isn't a valid image for /about/hero.jpg received null

[1A[2K[51/59] [chromium] ΓÇ║ tests\mobile-nav.spec.ts:105:9 ΓÇ║ mobile nav ΓÇö iPhone 14 (390px) ΓÇ║ clicking a nav link navigates and closes the drawer
[1A[2K[WebServer] [Mystique][getProducts][DEBUG] entry {
[WebServer]   hasSupabaseEnv: false,
[WebServer]   supabaseIsNull: true,
[WebServer]   shouldLoadCatalogFromEmbeds: true,
[WebServer]   allowMockCatalog: true,
[WebServer]   options: {
[WebServer]     sortBy: 'featured',
[WebServer]     limit: 12,
[WebServer]     page: undefined,
[WebServer]     categoryId: undefined,
[WebServer]     hasSearch: false,
[WebServer]     ingredientId: null,
[WebServer]     excludeComingSoon: false,
[WebServer]     excludeOutOfStock: true
[WebServer]   }
[WebServer] }

[1A[2K[WebServer] [Mystique][getProducts][DEBUG] embed/mock catalog path { supabaseQueryRan: false, 
rowCountAfterMockFilter: 6 }

[1A[2K[WebServer] Γ¿» The requested resource isn't a valid image for /about/hero.jpg received null

[1A[2K[52/59] [chromium] ΓÇ║ tests\mobile-nav.spec.ts:124:9 ΓÇ║ mobile nav ΓÇö iPhone 14 (390px) ΓÇ║ hamburger button meets 44├ù44px minimum touch target
[1A[2K[WebServer] [Mystique][getProducts][DEBUG] entry {
[WebServer]   hasSupabaseEnv: false,
[WebServer]   supabaseIsNull: true,
[WebServer]   shouldLoadCatalogFromEmbeds: true,
[WebServer]   allowMockCatalog: true,
[WebServer]   options: {
[WebServer]     sortBy: 'newest',
[WebServer]     limit: undefined,
[WebServer]     page: undefined,
[WebServer]     categoryId: undefined,
[WebServer]     hasSearch: false,
[WebServer]     ingredientId: null,
[WebServer]     excludeComingSoon: true,
[WebServer]     excludeOutOfStock: true
[WebServer]   }
[WebServer] }

[1A[2K[WebServer] [Mystique][getProducts][DEBUG] embed/mock catalog path { supabaseQueryRan: false, 
rowCountAfterMockFilter: 6 }

[1A[2K[WebServer] [Mystique][getProducts][DEBUG] entry {
[WebServer]   hasSupabaseEnv: false,

[WebServer]   supabaseIsNull: true,
[WebServer]   shouldLoadCatalogFromEmbeds: true,
[WebServer]   allowMockCatalog: true,
[WebServer]   options: {
[WebServer]     sortBy: 'newest',
[WebServer]     limit: undefined,
[WebServer]     page: undefined,
[WebServer]     categoryId: undefined,
[WebServer]     hasSearch: false,
[WebServer]     ingredientId: null,
[WebServer]     excludeComingSoon: true,
[WebServer]     excludeOutOfStock: true
[WebServer]   }
[WebServer] }

[1A[2K[WebServer] [Mystique][getProducts][DEBUG] embed/mock catalog path { supabaseQueryRan: false, 
rowCountAfterMockFilter: 6 }
[1A[2K[WebServer] [Mystique][getProducts][DEBUG] entry {
[WebServer]   hasSupabaseEnv: false,
[WebServer]   supabaseIsNull: true,
[WebServer]   shouldLoadCatalogFromEmbeds: true,
[WebServer]   allowMockCatalog: true,
[WebServer]   options: {
[WebServer]     sortBy: 'featured',
[WebServer]     limit: 12,
[WebServer]     page: undefined,

[WebServer]     categoryId: undefined,
[WebServer]     hasSearch: false,
[WebServer]     ingredientId: null,
[WebServer]     excludeComingSoon: false,
[WebServer]     excludeOutOfStock: true
[WebServer]   }
[WebServer] }
[1A[2K[WebServer] [Mystique][getProducts][DEBUG] embed/mock catalog path { supabaseQueryRan: false, 
rowCountAfterMockFilter: 6 }

[1A[2K[WebServer] Γ¿» The requested resource isn't a valid image for /about/hero.jpg received null

[1A[2K[53/59] [chromium] ΓÇ║ tests\order-confirmation.spec.ts:23:7 ΓÇ║ order confirmation ΓÇ║ confirmation with session_id renders success heading or graceful error
[1A[2K[54/59] [chromium] ΓÇ║ tests\order-confirmation.spec.ts:44:7 ΓÇ║ order confirmation ΓÇ║ confirmed order page shows a continue shopping CTA
[1A[2K[55/59] [chromium] ΓÇ║ tests\order-confirmation.spec.ts:62:7 ΓÇ║ order confirmation ΓÇ║ /order/confirmation with no session_id redirects or shows an error
[1A[2K[56/59] [chromium] ΓÇ║ tests\order-confirmation.spec.ts:80:7 ΓÇ║ order confirmation ΓÇ║ /checkout?status=cancelled shows a cancellation message
[1A[2K[57/59] [chromium] ΓÇ║ tests\order-confirmation.spec.ts:91:7 ΓÇ║ order confirmation ΓÇ║ confirmation with a junk session_id throws no unhandled JS error

[1A[2K[WebServer] [Mystique][getProducts][DEBUG] entry {
[WebServer]   hasSupabaseEnv: false,
[WebServer]   supabaseIsNull: true,
[WebServer]   shouldLoadCatalogFromEmbeds: true,
[WebServer]   allowMockCatalog: true,
[WebServer]   options: {
[WebServer]     sortBy: 'featured',
[WebServer]     limit: 12,
[WebServer]     page: undefined,
[WebServer]     categoryId: undefined,
[WebServer]     hasSearch: false,
[WebServer]     ingredientId: null,
[WebServer]     excludeComingSoon: false,
[WebServer]     excludeOutOfStock: true
[WebServer]   }
[WebServer] }
[WebServer] [Mystique][getProducts][DEBUG] embed/mock catalog path { supabaseQueryRan: false, rowCountAfterMockFilter: 
6 }
[1A[2K[WebServer] [Mystique][getProducts][DEBUG] entry {
[WebServer]   hasSupabaseEnv: false,
[WebServer]   supabaseIsNull: true,
[WebServer]   shouldLoadCatalogFromEmbeds: true,
[WebServer]   allowMockCatalog: true,
[WebServer]   options: {
[WebServer]     sortBy: 'newest',
[WebServer]     limit: undefined,
[WebServer]     page: undefined,
[WebServer]     categoryId: undefined,
[WebServer]     hasSearch: false,
[WebServer]     ingredientId: null,
[WebServer]     excludeComingSoon: true,
[WebServer]     excludeOutOfStock: true
[WebServer]   }
[WebServer] }

[1A[2K[WebServer] [Mystique][getProducts][DEBUG] embed/mock catalog path { supabaseQueryRan: false, 
rowCountAfterMockFilter: 6 }

[1A[2K[WebServer] [Mystique][getProducts][DEBUG] entry {
[WebServer]   hasSupabaseEnv: false,
[WebServer]   supabaseIsNull: true,
[WebServer]   shouldLoadCatalogFromEmbeds: true,
[WebServer]   allowMockCatalog: true,
[WebServer]   options: {
[WebServer]     sortBy: 'newest',

[WebServer]     limit: undefined,
[WebServer]     page: undefined,
[WebServer]     categoryId: undefined,
[WebServer]     hasSearch: false,
[WebServer]     ingredientId: null,
[WebServer]     excludeComingSoon: true,
[WebServer]     excludeOutOfStock: true
[WebServer]   }
[WebServer] }
[1A[2K[WebServer] [Mystique][getProducts][DEBUG] embed/mock catalog path { supabaseQueryRan: false, 
rowCountAfterMockFilter: 6 }

[1A[2K[58/59] [chromium] ΓÇ║ tests\storefront-smoke.spec.ts:9:7 ΓÇ║ storefront smoke ΓÇ║ home page loads with core navigation
[1A[2K[59/59] [chromium] ΓÇ║ tests\storefront-smoke.spec.ts:28:7 ΓÇ║ storefront smoke ΓÇ║ core shopper routes return working pages

[1A[2K[WebServer] [Mystique][getProducts][DEBUG] entry {
[WebServer]   hasSupabaseEnv: false,
[WebServer]   supabaseIsNull: true,
[WebServer]   shouldLoadCatalogFromEmbeds: true,
[WebServer]   allowMockCatalog: true,
[WebServer]   options: {
[WebServer]     sortBy: 'newest',
[WebServer]     limit: undefined,
[WebServer]     page: undefined,
[WebServer]     categoryId: undefined,
[WebServer]     hasSearch: false,
[WebServer]     ingredientId: null,
[WebServer]     excludeComingSoon: true,
[WebServer]     excludeOutOfStock: true
[WebServer]   }
[WebServer] }
[1A[2K[WebServer] [Mystique][getProducts][DEBUG] embed/mock catalog path { supabaseQueryRan: false, 
rowCountAfterMockFilter: 6 }

[1A[2K[WebServer] [Mystique][getProducts][DEBUG] entry {
[WebServer]   hasSupabaseEnv: false,
[WebServer]   supabaseIsNull: true,

[WebServer]   shouldLoadCatalogFromEmbeds: true,
[WebServer]   allowMockCatalog: true,
[WebServer]   options: {
[WebServer]     sortBy: 'newest',
[WebServer]     limit: undefined,
[WebServer]     page: undefined,
[WebServer]     categoryId: undefined,
[WebServer]     hasSearch: false,
[WebServer]     ingredientId: null,
[WebServer]     excludeComingSoon: true,
[WebServer]     excludeOutOfStock: true
[WebServer]   }
[WebServer] }
[WebServer] [Mystique][getProducts][DEBUG] embed/mock catalog path { supabaseQueryRan: false, rowCountAfterMockFilter: 
6 }
[1A[2K[WebServer] [Mystique][getProducts][DEBUG] entry {
[WebServer]   hasSupabaseEnv: false,
[WebServer]   supabaseIsNull: true,
[WebServer]   shouldLoadCatalogFromEmbeds: true,
[WebServer]   allowMockCatalog: true,
[WebServer]   options: {
[WebServer]     sortBy: 'featured',
[WebServer]     limit: 12,
[WebServer]     page: undefined,
[WebServer]     categoryId: undefined,
[WebServer]     hasSearch: false,
[WebServer]     ingredientId: null,
[WebServer]     excludeComingSoon: false,
[WebServer]     excludeOutOfStock: true
[WebServer]   }
[WebServer] }

[1A[2K[WebServer] [Mystique][getProducts][DEBUG] embed/mock catalog path { supabaseQueryRan: false, 
rowCountAfterMockFilter: 6 }


[1A[2K[WebServer] Γ¿» The requested resource isn't a valid image for /about/hero.jpg received null
[1A[2K[WebServer] [Mystique][getProducts][DEBUG] entry {
[WebServer]   hasSupabaseEnv: false,
[WebServer]   supabaseIsNull: true,
[WebServer]   shouldLoadCatalogFromEmbeds: true,
[WebServer]   allowMockCatalog: true,
[WebServer]   options: {
[WebServer]     sortBy: 'featured',
[WebServer]     limit: 200,
[WebServer]     page: undefined,
[WebServer]     categoryId: undefined,
[WebServer]     hasSearch: false,
[WebServer]     ingredientId: null,
[WebServer]     excludeComingSoon: true,
[WebServer]     excludeOutOfStock: true
[WebServer]   }
[WebServer] }


[1A[2K[WebServer] [Mystique][getProducts][DEBUG] embed/mock catalog path { supabaseQueryRan: false, 
rowCountAfterMockFilter: 6 }

[1A[2K[WebServer] [Mystique][getProducts][DEBUG] entry {
[WebServer]   hasSupabaseEnv: false,
[WebServer]   supabaseIsNull: true,
[WebServer]   shouldLoadCatalogFromEmbeds: true,
[WebServer]   allowMockCatalog: true,
[WebServer]   options: {
[WebServer]     sortBy: 'newest',
[WebServer]     limit: undefined,
[WebServer]     page: undefined,
[WebServer]     categoryId: undefined,
[WebServer]     hasSearch: false,
[WebServer]     ingredientId: null,
[WebServer]     excludeComingSoon: true,
[WebServer]     excludeOutOfStock: true
[WebServer]   }
[WebServer] }
[1A[2K[WebServer] [Mystique][getProducts][DEBUG] embed/mock catalog path { supabaseQueryRan: false, 
rowCountAfterMockFilter: 6 }

[1A[2K[WebServer] [Mystique][getProducts][DEBUG] entry {

[WebServer]   hasSupabaseEnv: false,
[WebServer]   supabaseIsNull: true,
[WebServer]   shouldLoadCatalogFromEmbeds: true,
[WebServer]   allowMockCatalog: true,
[WebServer]   options: {
[WebServer]     sortBy: 'newest',
[WebServer]     limit: undefined,
[WebServer]     page: undefined,
[WebServer]     categoryId: undefined,
[WebServer]     hasSearch: false,
[WebServer]     ingredientId: null,
[WebServer]     excludeComingSoon: true,
[WebServer]     excludeOutOfStock: true
[WebServer]   }
[WebServer] }
[1A[2K[WebServer] [Mystique][getProducts][DEBUG] embed/mock catalog path { supabaseQueryRan: false, 
rowCountAfterMockFilter: 6 }

[1A[2K[WebServer] [Mystique][getProducts][DEBUG] entry {
[WebServer]   hasSupabaseEnv: false,
[WebServer]   supabaseIsNull: true,
[WebServer]   shouldLoadCatalogFromEmbeds: true,
[WebServer]   allowMockCatalog: true,
[WebServer]   options: {
[WebServer]     sortBy: 'featured',
[WebServer]     limit: 12,
[WebServer]     page: undefined,
[WebServer]     categoryId: undefined,
[WebServer]     hasSearch: false,
[WebServer]     ingredientId: null,
[WebServer]     excludeComingSoon: false,
[WebServer]     excludeOutOfStock: true
[WebServer]   }
[WebServer] }
[1A[2K[WebServer] [Mystique][getProducts][DEBUG] embed/mock catalog path { supabaseQueryRan: false, 
rowCountAfterMockFilter: 6 }



[1A[2K[WebServer] Γ¿» The requested resource isn't a valid image for /about/hero.jpg received null
[1A[2K[WebServer] [Mystique][getProducts][DEBUG] entry {
[WebServer]   hasSupabaseEnv: false,
[WebServer]   supabaseIsNull: true,
[WebServer]   shouldLoadCatalogFromEmbeds: true,
[WebServer]   allowMockCatalog: true,
[WebServer]   options: {
[WebServer]     sortBy: 'featured',
[WebServer]     limit: 12,
[WebServer]     page: undefined,
[WebServer]     categoryId: undefined,
[WebServer]     hasSearch: false,
[WebServer]     ingredientId: null,
[WebServer]     excludeComingSoon: false,
[WebServer]     excludeOutOfStock: true
[WebServer]   }
[WebServer] }
[1A[2K[WebServer] [Mystique][getProducts][DEBUG] embed/mock catalog path { supabaseQueryRan: false, 
rowCountAfterMockFilter: 6 }


[1A[2K[WebServer] [Mystique][getProducts][DEBUG] entry {
[WebServer]   hasSupabaseEnv: false,
[WebServer]   supabaseIsNull: true,
[WebServer]   shouldLoadCatalogFromEmbeds: true,
[WebServer]   allowMockCatalog: true,
[WebServer]   options: {
[WebServer]     sortBy: 'newest',
[WebServer]     limit: undefined,
[WebServer]     page: undefined,

[WebServer]     categoryId: undefined,
[WebServer]     hasSearch: false,
[WebServer]     ingredientId: null,
[WebServer]     excludeComingSoon: true,
[WebServer]     excludeOutOfStock: true
[WebServer]   }
[WebServer] }
[1A[2K[WebServer] [Mystique][getProducts][DEBUG] embed/mock catalog path { supabaseQueryRan: false, 
rowCountAfterMockFilter: 6 }

[1A[2K[WebServer] [Mystique][getProducts][DEBUG] entry {
[WebServer]   hasSupabaseEnv: false,
[WebServer]   supabaseIsNull: true,
[WebServer]   shouldLoadCatalogFromEmbeds: true,
[WebServer]   allowMockCatalog: true,
[WebServer]   options: {
[WebServer]     sortBy: 'newest',
[WebServer]     limit: undefined,
[WebServer]     page: undefined,
[WebServer]     categoryId: undefined,
[WebServer]     hasSearch: false,
[WebServer]     ingredientId: null,
[WebServer]     excludeComingSoon: true,
[WebServer]     excludeOutOfStock: true
[WebServer]   }
[WebServer] }

[1A[2K[WebServer] [Mystique][getProducts][DEBUG] embed/mock catalog path { supabaseQueryRan: false, 
rowCountAfterMockFilter: 6 }

[1A[2K  1 skipped
  58 passed (2.7m)
